Archive member included to satisfy reference by file (symbol)

lib/pico_opt4048/libpico_opt4048.a(opt4048.cpp.obj)
                              CMakeFiles/pico_opt4048_test.dir/src/main.cpp.obj (OPT4048::OPT4048(i2c_inst*, unsigned char))
lib/pico_opt4048/libpico_opt4048.a(conversions.cpp.obj)
                              lib/pico_opt4048/libpico_opt4048.a(opt4048.cpp.obj) (rawToXYZ(opt4048_data))
/usr/lib/gcc/arm-none-eabi/10.3.1/thumb/v6-m/nofp/libgcc.a(_dvmd_tls.o)
                              CMakeFiles/pico_opt4048_test.dir/home/henrik/data/pico/pico-sdk/src/rp2_common/pico_divider/divider_hardware.S.obj (__aeabi_idiv0)
/usr/lib/gcc/arm-none-eabi/10.3.1/../../../arm-none-eabi/lib/thumb/v6-m/nofp/libg.a(lib_a-atexit.o)
                              /usr/lib/gcc/arm-none-eabi/10.3.1/../../../arm-none-eabi/lib/thumb/v6-m/nofp/crt0.o (atexit)
/usr/lib/gcc/arm-none-eabi/10.3.1/../../../arm-none-eabi/lib/thumb/v6-m/nofp/libg.a(lib_a-calloc.o)
                              CMakeFiles/pico_opt4048_test.dir/home/henrik/data/pico/pico-sdk/src/rp2_common/pico_malloc/malloc.c.obj (calloc)
/usr/lib/gcc/arm-none-eabi/10.3.1/../../../arm-none-eabi/lib/thumb/v6-m/nofp/libg.a(lib_a-callocr.o)
                              /usr/lib/gcc/arm-none-eabi/10.3.1/../../../arm-none-eabi/lib/thumb/v6-m/nofp/libg.a(lib_a-calloc.o) (_calloc_r)
/usr/lib/gcc/arm-none-eabi/10.3.1/../../../arm-none-eabi/lib/thumb/v6-m/nofp/libg.a(lib_a-fini.o)
                              /usr/lib/gcc/arm-none-eabi/10.3.1/../../../arm-none-eabi/lib/thumb/v6-m/nofp/crt0.o (__libc_fini_array)
/usr/lib/gcc/arm-none-eabi/10.3.1/../../../arm-none-eabi/lib/thumb/v6-m/nofp/libg.a(lib_a-impure.o)
                              /usr/lib/gcc/arm-none-eabi/10.3.1/../../../arm-none-eabi/lib/thumb/v6-m/nofp/libg.a(lib_a-calloc.o) (_impure_ptr)
/usr/lib/gcc/arm-none-eabi/10.3.1/../../../arm-none-eabi/lib/thumb/v6-m/nofp/libg.a(lib_a-init.o)
                              /usr/lib/gcc/arm-none-eabi/10.3.1/../../../arm-none-eabi/lib/thumb/v6-m/nofp/crt0.o (__libc_init_array)
/usr/lib/gcc/arm-none-eabi/10.3.1/../../../arm-none-eabi/lib/thumb/v6-m/nofp/libg.a(lib_a-lcltime_r.o)
                              CMakeFiles/pico_opt4048_test.dir/home/henrik/data/pico/pico-sdk/src/common/pico_util/datetime.c.obj (localtime_r)
/usr/lib/gcc/arm-none-eabi/10.3.1/../../../arm-none-eabi/lib/thumb/v6-m/nofp/libg.a(lib_a-malloc.o)
                              CMakeFiles/pico_opt4048_test.dir/home/henrik/data/pico/pico-sdk/src/rp2_common/pico_malloc/malloc.c.obj (malloc)
/usr/lib/gcc/arm-none-eabi/10.3.1/../../../arm-none-eabi/lib/thumb/v6-m/nofp/libg.a(lib_a-mallocr.o)
                              /usr/lib/gcc/arm-none-eabi/10.3.1/../../../arm-none-eabi/lib/thumb/v6-m/nofp/libg.a(lib_a-callocr.o) (_malloc_r)
/usr/lib/gcc/arm-none-eabi/10.3.1/../../../arm-none-eabi/lib/thumb/v6-m/nofp/libg.a(lib_a-memcmp.o)
                              CMakeFiles/pico_opt4048_test.dir/home/henrik/data/pico/pico-sdk/src/rp2_common/pico_atomic/atomic.c.obj (memcmp)
/usr/lib/gcc/arm-none-eabi/10.3.1/../../../arm-none-eabi/lib/thumb/v6-m/nofp/libg.a(lib_a-mktime.o)
                              CMakeFiles/pico_opt4048_test.dir/home/henrik/data/pico/pico-sdk/src/common/pico_util/datetime.c.obj (mktime)
/usr/lib/gcc/arm-none-eabi/10.3.1/../../../arm-none-eabi/lib/thumb/v6-m/nofp/libg.a(lib_a-mlock.o)
                              /usr/lib/gcc/arm-none-eabi/10.3.1/../../../arm-none-eabi/lib/thumb/v6-m/nofp/libg.a(lib_a-mallocr.o) (__malloc_lock)
/usr/lib/gcc/arm-none-eabi/10.3.1/../../../arm-none-eabi/lib/thumb/v6-m/nofp/libg.a(lib_a-month_lengths.o)
                              /usr/lib/gcc/arm-none-eabi/10.3.1/../../../arm-none-eabi/lib/thumb/v6-m/nofp/libg.a(lib_a-lcltime_r.o) (__month_lengths)
/usr/lib/gcc/arm-none-eabi/10.3.1/../../../arm-none-eabi/lib/thumb/v6-m/nofp/libg.a(lib_a-realloc.o)
                              CMakeFiles/pico_opt4048_test.dir/home/henrik/data/pico/pico-sdk/src/rp2_common/pico_malloc/malloc.c.obj (realloc)
/usr/lib/gcc/arm-none-eabi/10.3.1/../../../arm-none-eabi/lib/thumb/v6-m/nofp/libg.a(lib_a-reallocr.o)
                              /usr/lib/gcc/arm-none-eabi/10.3.1/../../../arm-none-eabi/lib/thumb/v6-m/nofp/libg.a(lib_a-realloc.o) (_realloc_r)
/usr/lib/gcc/arm-none-eabi/10.3.1/../../../arm-none-eabi/lib/thumb/v6-m/nofp/libg.a(lib_a-sbrkr.o)
                              /usr/lib/gcc/arm-none-eabi/10.3.1/../../../arm-none-eabi/lib/thumb/v6-m/nofp/libg.a(lib_a-mallocr.o) (_sbrk_r)
/usr/lib/gcc/arm-none-eabi/10.3.1/../../../arm-none-eabi/lib/thumb/v6-m/nofp/libg.a(lib_a-strlen-stub.o)
                              CMakeFiles/pico_opt4048_test.dir/home/henrik/data/pico/pico-sdk/src/rp2_common/pico_stdio/stdio.c.obj (strlen)
/usr/lib/gcc/arm-none-eabi/10.3.1/../../../arm-none-eabi/lib/thumb/v6-m/nofp/libg.a(lib_a-tzcalc_limits.o)
[...]
Memory Configuration

Name             Origin             Length             Attributes
FLASH            0x0000000010000000 0x0000000000200000 xr
RAM              0x0000000020000000 0x0000000000040000 xrw
SCRATCH_X        0x0000000020040000 0x0000000000001000 xrw
SCRATCH_Y        0x0000000020041000 0x0000000000001000 xrw
*default*        0x0000000000000000 0xffffffffffffffff

Linker script and memory map

LOAD /usr/lib/gcc/arm-none-eabi/10.3.1/thumb/v6-m/nofp/crti.o
LOAD /usr/lib/gcc/arm-none-eabi/10.3.1/thumb/v6-m/nofp/crtbegin.o
LOAD /usr/lib/gcc/arm-none-eabi/10.3.1/../../../arm-none-eabi/lib/thumb/v6-m/nofp/crt0.o

.flash_begin    0x0000000010000000        0x0
                0x0000000010000000                __flash_binary_start = .

.boot2          0x0000000010000000      0x100
                0x0000000010000000                __boot2_start__ = .
 *(.boot2)
 .boot2         0x0000000010000000      0x100 /tmp/ccEXbSrr.o
                0x0000000010000100                __boot2_end__ = .
                0x0000000000000001                ASSERT (((__boot2_end__ - __boot2_start__) == 0x100), ERROR: Pico second stage bootloader must be 256 bytes in size)

.text           0x0000000010000100     0x7ffc
                0x0000000010000100                __logical_binary_start = .
 *(.vectors)
 .vectors       0x0000000010000100       0xd4 CMakeFiles/pico_opt4048_test.dir/home/henrik/data/pico/pico-sdk/src/rp2_common/pico_crt0/crt0.S.obj
                0x0000000010000100                __vectors
                0x0000000010000100                __VECTOR_TABLE
                0x00000000100001c0                isr_invalid
                0x00000000100001c0                __default_isrs_start
                0x00000000100001c2                isr_nmi
                0x00000000100001c4                isr_hardfault
                0x00000000100001c6                isr_svcall
                0x00000000100001c8                isr_pendsv
                0x00000000100001ca                isr_systick
                0x00000000100001cc                isr_irq30
                0x00000000100001cc                __unhandled_user_irq
                0x00000000100001cc                isr_irq13
                0x00000000100001cc                isr_irq27
                0x00000000100001cc                isr_irq31
                0x00000000100001cc                isr_irq5
                0x00000000100001cc                isr_irq11
                0x00000000100001cc                isr_irq23
                0x00000000100001cc                isr_irq18
                0x00000000100001cc                isr_irq28
                0x00000000100001cc                isr_irq19
                0x00000000100001cc                isr_irq0
                0x00000000100001cc                isr_irq6
                0x00000000100001cc                isr_irq22
                0x00000000100001cc                isr_irq17
                0x00000000100001cc                isr_irq14
                0x00000000100001cc                isr_irq2
                0x00000000100001cc                isr_irq10
                0x00000000100001cc                isr_irq8
                0x00000000100001cc                isr_irq24
                0x00000000100001cc                isr_irq1
                0x00000000100001cc                isr_irq7
                0x00000000100001cc                isr_irq21
                0x00000000100001cc                isr_irq20
                0x00000000100001cc                isr_irq15
                0x00000000100001cc                isr_irq25
                0x00000000100001cc                isr_irq4
                0x00000000100001cc                isr_irq16
                0x00000000100001cc                isr_irq29
                0x00000000100001cc                isr_irq26
                0x00000000100001cc                __default_isrs_end
                0x00000000100001cc                isr_irq3
                0x00000000100001cc                isr_irq12
                0x00000000100001cc                isr_irq9
                0x00000000100001d2                unhandled_user_irq_num_in_r0
 *(.binary_info_header)
 .binary_info_header
                0x00000000100001d4       0x14 CMakeFiles/pico_opt4048_test.dir/home/henrik/data/pico/pico-sdk/src/rp2_common/pico_crt0/crt0.S.obj
                0x00000000100001e8                __binary_info_header_end = .
 *(.embedded_block)
                0x00000000100001e8                __embedded_block_end = .
 *(.reset)
 .reset         0x00000000100001e8       0x9c CMakeFiles/pico_opt4048_test.dir/home/henrik/data/pico/pico-sdk/src/rp2_common/pico_crt0/crt0.S.obj
                0x00000000100001e8                _entry_point
 *(.init)
 .init          0x0000000010000284        0x4 /usr/lib/gcc/arm-none-eabi/10.3.1/thumb/v6-m/nofp/crti.o
                0x0000000010000284                _init
 *(EXCLUDE_FILE(*libm.a: *libc.a:*lib_a-mem*.o *libgcc.a:) .text*)
 .text          0x0000000010000288       0x98 /usr/lib/gcc/arm-none-eabi/10.3.1/thumb/v6-m/nofp/crtbegin.o
 .text.main     0x0000000010000320       0xec CMakeFiles/pico_opt4048_test.dir/src/main.cpp.obj
                0x0000000010000320                main
 .text.gpio_set_function
                0x000000001000040c       0x34 CMakeFiles/pico_opt4048_test.dir/home/henrik/data/pico/pico-sdk/src/rp2_common/hardware_gpio/gpio.c.obj
                0x000000001000040c                gpio_set_function
 .text.gpio_set_pulls
                0x0000000010000440       0x38 CMakeFiles/pico_opt4048_test.dir/home/henrik/data/pico/pico-sdk/src/rp2_common/hardware_gpio/gpio.c.obj
                0x0000000010000440                gpio_set_pulls
 .text.gpio_init
                0x0000000010000478       0x16 CMakeFiles/pico_opt4048_test.dir/home/henrik/data/pico/pico-sdk/src/rp2_common/hardware_gpio/gpio.c.obj
                0x0000000010000478                gpio_init
 *fill*         0x000000001000048e        0x2 
 .text.panic    0x0000000010000490       0x30 CMakeFiles/pico_opt4048_test.dir/home/henrik/data/pico/pico-sdk/src/rp2_common/pico_platform_panic/panic.c.obj
                0x0000000010000490                panic
 .text.hw_claim_lock
                0x00000000100004c0       0x18 CMakeFiles/pico_opt4048_test.dir/home/henrik/data/pico/pico-sdk/src/common/hardware_claim/claim.c.obj
                0x00000000100004c0                hw_claim_lock
 .text.hw_claim_unlock
                0x00000000100004d8       0x14 CMakeFiles/pico_opt4048_test.dir/home/henrik/data/pico/pico-sdk/src/common/hardware_claim/claim.c.obj
                0x00000000100004d8                hw_claim_unlock
 .text.hw_claim_or_assert
                0x00000000100004ec       0x32 CMakeFiles/pico_opt4048_test.dir/home/henrik/data/pico/pico-sdk/src/common/hardware_claim/claim.c.obj
                0x00000000100004ec                hw_claim_or_assert
 .text.hw_claim_unused_from_range
                0x000000001000051e       0x50 CMakeFiles/pico_opt4048_test.dir/home/henrik/data/pico/pico-sdk/src/common/hardware_claim/claim.c.obj
                0x000000001000051e                hw_claim_unused_from_range
 *fill*         0x000000001000056e        0x2 
 .text.next_striped_spin_lock_num
                0x0000000010000570       0x1c CMakeFiles/pico_opt4048_test.dir/home/henrik/data/pico/pico-sdk/src/rp2_common/hardware_sync/sync.c.obj
                0x0000000010000570                next_striped_spin_lock_num
 .text.spin_lock_claim_unused
                0x000000001000058c       0x20 CMakeFiles/pico_opt4048_test.dir/home/henrik/data/pico/pico-sdk/src/rp2_common/hardware_sync/sync.c.obj
                0x000000001000058c                spin_lock_claim_unused
 .text.spin_locks_reset
                0x00000000100005ac       0x20 CMakeFiles/pico_opt4048_test.dir/home/henrik/data/pico/pico-sdk/src/rp2_common/hardware_sync_spin_lock/sync_spin_lock.c.obj
                0x00000000100005ac                spin_locks_reset
 .text.set_raw_irq_handler_and_unlock
                0x00000000100005cc       0x28 CMakeFiles/pico_opt4048_test.dir/home/henrik/data/pico/pico-sdk/src/rp2_common/hardware_irq/irq.c.obj
 .text.nvic_ipr0
                0x00000000100005f4        0x8 CMakeFiles/pico_opt4048_test.dir/home/henrik/data/pico/pico-sdk/src/rp2_common/hardware_irq/irq.c.obj
 .text.runtime_init_per_core_irq_priorities
                0x00000000100005fc       0x1c CMakeFiles/pico_opt4048_test.dir/home/henrik/data/pico/pico-sdk/src/rp2_common/hardware_irq/irq.c.obj
                0x00000000100005fc                runtime_init_per_core_irq_priorities
 .text.make_j_16
                0x0000000010000618       0x4c CMakeFiles/pico_opt4048_test.dir/home/henrik/data/pico/pico-sdk/src/rp2_common/hardware_irq/irq.c.obj
 .text.irq_is_enabled
                0x0000000010000664       0x18 CMakeFiles/pico_opt4048_test.dir/home/henrik/data/pico/pico-sdk/src/rp2_common/hardware_irq/irq.c.obj
                0x0000000010000664                irq_is_enabled
 .text.irq_set_mask_n_enabled
                0x000000001000067c       0x1c CMakeFiles/pico_opt4048_test.dir/home/henrik/data/pico/pico-sdk/src/rp2_common/hardware_irq/irq.c.obj
                0x000000001000067c                irq_set_mask_n_enabled
 .text.irq_set_enabled
                0x0000000010000698       0x14 CMakeFiles/pico_opt4048_test.dir/home/henrik/data/pico/pico-sdk/src/rp2_common/hardware_irq/irq.c.obj
                0x0000000010000698                irq_set_enabled
 .text.irq_set_pending
                0x00000000100006ac       0x10 CMakeFiles/pico_opt4048_test.dir/home/henrik/data/pico/pico-sdk/src/rp2_common/hardware_irq/irq.c.obj
                0x00000000100006ac                irq_set_pending
 .text.irq_get_vtable_handler
                0x00000000100006bc       0x10 CMakeFiles/pico_opt4048_test.dir/home/henrik/data/pico/pico-sdk/src/rp2_common/hardware_irq/irq.c.obj
                0x00000000100006bc                irq_get_vtable_handler
 .text.irq_has_shared_handler
                0x00000000100006cc       0x24 CMakeFiles/pico_opt4048_test.dir/home/henrik/data/pico/pico-sdk/src/rp2_common/hardware_irq/irq.c.obj
                0x00000000100006cc                irq_has_shared_handler
 .text.irq_set_exclusive_handler
                0x00000000100006f0       0x54 CMakeFiles/pico_opt4048_test.dir/home/henrik/data/pico/pico-sdk/src/rp2_common/hardware_irq/irq.c.obj
                0x00000000100006f0                irq_set_exclusive_handler
 .text.irq_add_shared_handler
                0x0000000010000744      0x238 CMakeFiles/pico_opt4048_test.dir/home/henrik/data/pico/pico-sdk/src/rp2_common/hardware_irq/irq.c.obj
                0x0000000010000744                irq_add_shared_handler
 .text.irq_add_tail_to_free_list
                0x000000001000097c       0xf4 CMakeFiles/pico_opt4048_test.dir/home/henrik/data/pico/pico-sdk/src/rp2_common/hardware_irq/irq.c.obj
                0x000000001000097c                irq_add_tail_to_free_list
 .text.user_irq_claim_unused
                0x0000000010000a70       0x28 CMakeFiles/pico_opt4048_test.dir/home/henrik/data/pico/pico-sdk/src/rp2_common/hardware_irq/irq.c.obj
                0x0000000010000a70                user_irq_claim_unused
 .text.lock_init
                0x0000000010000a98       0x10 CMakeFiles/pico_opt4048_test.dir/home/henrik/data/pico/pico-sdk/src/common/pico_sync/lock_core.c.obj
                0x0000000010000a98                lock_init
 .text.mutex_init
                0x0000000010000aa8       0x1a CMakeFiles/pico_opt4048_test.dir/home/henrik/data/pico/pico-sdk/src/common/pico_sync/mutex.c.obj
                0x0000000010000aa8                mutex_init
 .text.recursive_mutex_init
                0x0000000010000ac2       0x1e CMakeFiles/pico_opt4048_test.dir/home/henrik/data/pico/pico-sdk/src/common/pico_sync/mutex.c.obj
                0x0000000010000ac2                recursive_mutex_init
 .text.runtime_init_mutex
                0x0000000010000ae0       0x4c CMakeFiles/pico_opt4048_test.dir/home/henrik/data/pico/pico-sdk/src/common/pico_sync/mutex.c.obj
                0x0000000010000ae0                runtime_init_mutex
 .text.critical_section_init_with_lock_num
                0x0000000010000b2c       0x14 CMakeFiles/pico_opt4048_test.dir/home/henrik/data/pico/pico-sdk/src/common/pico_sync/critical_section.c.obj
                0x0000000010000b2c                critical_section_init_with_lock_num
 .text.critical_section_init
                0x0000000010000b40       0x14 CMakeFiles/pico_opt4048_test.dir/home/henrik/data/pico/pico-sdk/src/common/pico_sync/critical_section.c.obj
                0x0000000010000b40                critical_section_init
 .text.make_alarm_id
                0x0000000010000b54        0x6 CMakeFiles/pico_opt4048_test.dir/home/henrik/data/pico/pico-sdk/src/common/pico_time/time.c.obj
 *fill*         0x0000000010000b5a        0x2 
 .text.sleep_until_callback
                0x0000000010000b5c       0x30 CMakeFiles/pico_opt4048_test.dir/home/henrik/data/pico/pico-sdk/src/common/pico_time/time.c.obj
 .text.alarm_pool_irq_handler
                0x0000000010000b8c      0x2e4 CMakeFiles/pico_opt4048_test.dir/home/henrik/data/pico/pico-sdk/src/common/pico_time/time.c.obj
 .text.alarm_pool_post_alloc_init
                0x0000000010000e70       0x94 CMakeFiles/pico_opt4048_test.dir/home/henrik/data/pico/pico-sdk/src/common/pico_time/time.c.obj
 .text.alarm_pool_get_default
                0x0000000010000f04       0x2c CMakeFiles/pico_opt4048_test.dir/home/henrik/data/pico/pico-sdk/src/common/pico_time/time.c.obj
                0x0000000010000f04                alarm_pool_get_default
 .text.alarm_pool_add_alarm_at_force_in_context
                0x0000000010000f30       0xb0 CMakeFiles/pico_opt4048_test.dir/home/henrik/data/pico/pico-sdk/src/common/pico_time/time.c.obj
                0x0000000010000f30                alarm_pool_add_alarm_at_force_in_context
 .text.alarm_pool_add_alarm_at
                0x0000000010000fe0       0x3c CMakeFiles/pico_opt4048_test.dir/home/henrik/data/pico/pico-sdk/src/common/pico_time/time.c.obj
                0x0000000010000fe0                alarm_pool_add_alarm_at
 .text.alarm_pool_cancel_alarm
                0x000000001000101c       0x78 CMakeFiles/pico_opt4048_test.dir/home/henrik/data/pico/pico-sdk/src/common/pico_time/time.c.obj
                0x000000001000101c                alarm_pool_cancel_alarm
 .text.alarm_pool_core_num
                0x0000000010001094        0x4 CMakeFiles/pico_opt4048_test.dir/home/henrik/data/pico/pico-sdk/src/common/pico_time/time.c.obj
                0x0000000010001094                alarm_pool_core_num
 .text.sleep_until
                0x0000000010001098       0xc8 CMakeFiles/pico_opt4048_test.dir/home/henrik/data/pico/pico-sdk/src/common/pico_time/time.c.obj
                0x0000000010001098                sleep_until
 .text.sleep_us
                0x0000000010001160       0x24 CMakeFiles/pico_opt4048_test.dir/home/henrik/data/pico/pico-sdk/src/common/pico_time/time.c.obj
                0x0000000010001160                sleep_us
 .text.sleep_ms
                0x0000000010001184       0x14 CMakeFiles/pico_opt4048_test.dir/home/henrik/data/pico/pico-sdk/src/common/pico_time/time.c.obj
                0x0000000010001184                sleep_ms
 .text.best_effort_wfe_or_timeout
                0x0000000010001198       0xd8 CMakeFiles/pico_opt4048_test.dir/home/henrik/data/pico/pico-sdk/src/common/pico_time/time.c.obj
                0x0000000010001198                best_effort_wfe_or_timeout
 .text.alarm_pool_get_default_timer
                0x0000000010001270        0x8 CMakeFiles/pico_opt4048_test.dir/home/henrik/data/pico/pico-sdk/src/common/pico_time/time.c.obj
                0x0000000010001270                alarm_pool_get_default_timer
 .text.runtime_init_default_alarm_pool
                0x0000000010001278       0x38 CMakeFiles/pico_opt4048_test.dir/home/henrik/data/pico/pico-sdk/src/common/pico_time/time.c.obj
                0x0000000010001278                runtime_init_default_alarm_pool
 .text.timer_hardware_alarm_claim
                0x00000000100012b0       0x14 CMakeFiles/pico_opt4048_test.dir/home/henrik/data/pico/pico-sdk/src/rp2_common/hardware_timer/timer.c.obj
                0x00000000100012b0                timer_hardware_alarm_claim
 .text.timer_time_us_64
                0x00000000100012c4       0x10 CMakeFiles/pico_opt4048_test.dir/home/henrik/data/pico/pico-sdk/src/rp2_common/hardware_timer/timer.c.obj
                0x00000000100012c4                timer_time_us_64
 .text.timer_busy_wait_until
                0x00000000100012d4       0x1a CMakeFiles/pico_opt4048_test.dir/home/henrik/data/pico/pico-sdk/src/rp2_common/hardware_timer/timer.c.obj
                0x00000000100012d4                timer_busy_wait_until
 *fill*         0x00000000100012ee        0x2 
 .text.time_us_64
                0x00000000100012f0       0x10 CMakeFiles/pico_opt4048_test.dir/home/henrik/data/pico/pico-sdk/src/rp2_common/hardware_timer/timer.c.obj
                0x00000000100012f0                time_us_64
 .text.busy_wait_until
                0x0000000010001300       0x14 CMakeFiles/pico_opt4048_test.dir/home/henrik/data/pico/pico-sdk/src/rp2_common/hardware_timer/timer.c.obj
                0x0000000010001300                busy_wait_until
 .text.clock_configure_internal
                0x0000000010001314       0xc4 CMakeFiles/pico_opt4048_test.dir/home/henrik/data/pico/pico-sdk/src/rp2_common/hardware_clocks/clocks.c.obj
 .text.clock_configure_int_divider
                0x00000000100013d8       0x28 CMakeFiles/pico_opt4048_test.dir/home/henrik/data/pico/pico-sdk/src/rp2_common/hardware_clocks/clocks.c.obj
                0x00000000100013d8                clock_configure_int_divider
 .text.clock_configure_undivided
                0x0000000010001400       0x12 CMakeFiles/pico_opt4048_test.dir/home/henrik/data/pico/pico-sdk/src/rp2_common/hardware_clocks/clocks.c.obj
                0x0000000010001400                clock_configure_undivided
 *fill*         0x0000000010001412        0x2 
 .text.clock_get_hz
                0x0000000010001414        0xc CMakeFiles/pico_opt4048_test.dir/home/henrik/data/pico/pico-sdk/src/rp2_common/hardware_clocks/clocks.c.obj
                0x0000000010001414                clock_get_hz
 .text.pll_init
                0x0000000010001420      0x120 CMakeFiles/pico_opt4048_test.dir/home/henrik/data/pico/pico-sdk/src/rp2_common/hardware_pll/pll.c.obj
                0x0000000010001420                pll_init
 .text.watchdog_update
                0x0000000010001540       0x14 CMakeFiles/pico_opt4048_test.dir/home/henrik/data/pico/pico-sdk/src/rp2_common/hardware_watchdog/watchdog.c.obj
                0x0000000010001540                watchdog_update
 .text._watchdog_enable
                0x0000000010001554       0x7c CMakeFiles/pico_opt4048_test.dir/home/henrik/data/pico/pico-sdk/src/rp2_common/hardware_watchdog/watchdog.c.obj
                0x0000000010001554                _watchdog_enable
 .text.watchdog_reboot
                0x00000000100015d0       0x48 CMakeFiles/pico_opt4048_test.dir/home/henrik/data/pico/pico-sdk/src/rp2_common/hardware_watchdog/watchdog.c.obj
                0x00000000100015d0                watchdog_reboot
 .text.tick_start
                0x0000000010001618       0x10 CMakeFiles/pico_opt4048_test.dir/home/henrik/data/pico/pico-sdk/src/rp2_common/hardware_ticks/ticks.c.obj
                0x0000000010001618                tick_start
 .text.xosc_init
                0x0000000010001628       0x28 CMakeFiles/pico_opt4048_test.dir/home/henrik/data/pico/pico-sdk/src/rp2_common/hardware_xosc/xosc.c.obj
                0x0000000010001628                xosc_init
 .text.runtime_run_initializers_from
                0x0000000010001650       0x18 CMakeFiles/pico_opt4048_test.dir/home/henrik/data/pico/pico-sdk/src/rp2_common/pico_runtime/runtime.c.obj
 .text.first_per_core_initializer
                0x0000000010001668        0x2 CMakeFiles/pico_opt4048_test.dir/home/henrik/data/pico/pico-sdk/src/rp2_common/pico_runtime/runtime.c.obj
 *fill*         0x000000001000166a        0x2 
 .text.runtime_run_initializers
                0x000000001000166c       0x10 CMakeFiles/pico_opt4048_test.dir/home/henrik/data/pico/pico-sdk/src/rp2_common/pico_runtime/runtime.c.obj
                0x000000001000166c                runtime_run_initializers
 .text.runtime_init_early_resets
                0x000000001000167c       0x2c CMakeFiles/pico_opt4048_test.dir/home/henrik/data/pico/pico-sdk/src/rp2_common/pico_runtime_init/runtime_init.c.obj
                0x000000001000167c                runtime_init_early_resets
 .text.runtime_init_usb_power_down
                0x00000000100016a8       0x1c CMakeFiles/pico_opt4048_test.dir/home/henrik/data/pico/pico-sdk/src/rp2_common/pico_runtime_init/runtime_init.c.obj
                0x00000000100016a8                runtime_init_usb_power_down
 .text.runtime_init_post_clock_resets
                0x00000000100016c4       0x20 CMakeFiles/pico_opt4048_test.dir/home/henrik/data/pico/pico-sdk/src/rp2_common/pico_runtime_init/runtime_init.c.obj
                0x00000000100016c4                runtime_init_post_clock_resets
 .text.runtime_init_rp2040_gpio_ie_disable
                0x00000000100016e4       0x14 CMakeFiles/pico_opt4048_test.dir/home/henrik/data/pico/pico-sdk/src/rp2_common/pico_runtime_init/runtime_init.c.obj
                0x00000000100016e4                runtime_init_rp2040_gpio_ie_disable
 .text.runtime_init_spin_locks_reset
                0x00000000100016f8        0x8 CMakeFiles/pico_opt4048_test.dir/home/henrik/data/pico/pico-sdk/src/rp2_common/pico_runtime_init/runtime_init.c.obj
                0x00000000100016f8                runtime_init_spin_locks_reset
 .text.runtime_init_install_ram_vector_table
                0x0000000010001700       0x1c CMakeFiles/pico_opt4048_test.dir/home/henrik/data/pico/pico-sdk/src/rp2_common/pico_runtime_init/runtime_init.c.obj
                0x0000000010001700                runtime_init_install_ram_vector_table
 .text.start_all_ticks
                0x000000001000171c       0x28 CMakeFiles/pico_opt4048_test.dir/home/henrik/data/pico/pico-sdk/src/rp2_common/pico_runtime_init/runtime_init_clocks.c.obj
 .text.runtime_init_clocks
                0x0000000010001744       0xcc CMakeFiles/pico_opt4048_test.dir/home/henrik/data/pico/pico-sdk/src/rp2_common/pico_runtime_init/runtime_init_clocks.c.obj
                0x0000000010001744                runtime_init_clocks
 .text          0x0000000010001810       0x10 CMakeFiles/pico_opt4048_test.dir/home/henrik/data/pico/pico-sdk/src/rp2_common/pico_bit_ops/bit_ops_aeabi.S.obj
 .text.rom_func_lookup
                0x0000000010001820       0x10 CMakeFiles/pico_opt4048_test.dir/home/henrik/data/pico/pico-sdk/src/rp2_common/pico_bootrom/bootrom.c.obj
                0x0000000010001820                rom_func_lookup
 .text.rom_data_lookup
                0x0000000010001830       0x10 CMakeFiles/pico_opt4048_test.dir/home/henrik/data/pico/pico-sdk/src/rp2_common/pico_bootrom/bootrom.c.obj
                0x0000000010001830                rom_data_lookup
 .text.rom_funcs_lookup
                0x0000000010001840       0x36 CMakeFiles/pico_opt4048_test.dir/home/henrik/data/pico/pico-sdk/src/rp2_common/pico_bootrom/bootrom.c.obj
                0x0000000010001840                rom_funcs_lookup
 *fill*         0x0000000010001876        0x2 
 .text.rom_reset_usb_boot
                0x0000000010001878       0x18 CMakeFiles/pico_opt4048_test.dir/home/henrik/data/pico/pico-sdk/src/rp2_common/pico_bootrom/bootrom.c.obj
                0x0000000010001878                rom_reset_usb_boot
 .text.__wrap___aeabi_idiv
                0x0000000010001890       0x50 CMakeFiles/pico_opt4048_test.dir/home/henrik/data/pico/pico-sdk/src/rp2_common/pico_divider/divider_hardware.S.obj
                0x0000000010001890                __wrap___aeabi_idivmod
                0x0000000010001890                divmod_s32s32
                0x0000000010001890                div_s32s32
                0x0000000010001890                __wrap___aeabi_idiv
                0x0000000010001898                divmod_s32s32_unsafe
                0x00000000100018c4                divmod_s32s32_savestate
 .text.__wrap___aeabi_uidiv
                0x00000000100018e0       0x4c CMakeFiles/pico_opt4048_test.dir/home/henrik/data/pico/pico-sdk/src/rp2_common/pico_divider/divider_hardware.S.obj
                0x00000000100018e0                __wrap___aeabi_uidiv
                0x00000000100018e0                __wrap___aeabi_uidivmod
                0x00000000100018e0                div_u32u32
                0x00000000100018e0                divmod_u32u32
                0x00000000100018e8                divmod_u32u32_unsafe
                0x0000000010001910                divmod_u32u32_savestate
 .text.__wrap___aeabi_ldiv
                0x000000001000192c      0x424 CMakeFiles/pico_opt4048_test.dir/home/henrik/data/pico/pico-sdk/src/rp2_common/pico_divider/divider_hardware.S.obj
                0x000000001000192c                div_s64s64
                0x000000001000192c                divmod_s64s64
                0x000000001000192c                __wrap___aeabi_ldivmod
                0x000000001000195c                div_u64u64
                0x000000001000195c                divmod_u64u64
                0x000000001000195c                __wrap___aeabi_uldivmod
                0x000000001000196c                divmod_u64u64_savestate
                0x000000001000198c                divmod_s64s64_unsafe
                0x0000000010001a14                divmod_u64u64_unsafe
 .text.__wrap___aeabi_darithmetic
                0x0000000010001d50       0x80 CMakeFiles/pico_opt4048_test.dir/home/henrik/data/pico/pico-sdk/src/rp2_common/pico_double/double_aeabi_rp2040.S.obj
                0x0000000010001d50                __wrap___aeabi_drsub
                0x0000000010001d56                __wrap___aeabi_dsub
                0x0000000010001d68                __wrap___aeabi_dadd
                0x0000000010001d7a                __wrap___aeabi_ddiv
                0x0000000010001db6                __wrap___aeabi_dmul
 .text.__wrap___aeabi_cdcmple
                0x0000000010001dd0       0x6c CMakeFiles/pico_opt4048_test.dir/home/henrik/data/pico/pico-sdk/src/rp2_common/pico_double/double_aeabi_rp2040.S.obj
                0x0000000010001dd0                __wrap___aeabi_cdrcmple
                0x0000000010001de0                __wrap___aeabi_cdcmple
                0x0000000010001de0                __wrap___aeabi_cdcmpeq
 .text.__wrap___aeabi_dcmpeq
                0x0000000010001e3c       0x10 CMakeFiles/pico_opt4048_test.dir/home/henrik/data/pico/pico-sdk/src/rp2_common/pico_double/double_aeabi_rp2040.S.obj
                0x0000000010001e3c                __wrap___aeabi_dcmpeq
 .text.__wrap___aeabi_dcmplt
                0x0000000010001e4c        0xc CMakeFiles/pico_opt4048_test.dir/home/henrik/data/pico/pico-sdk/src/rp2_common/pico_double/double_aeabi_rp2040.S.obj
                0x0000000010001e4c                __wrap___aeabi_dcmplt
 .text.__wrap___aeabi_dcmple
                0x0000000010001e58       0x10 CMakeFiles/pico_opt4048_test.dir/home/henrik/data/pico/pico-sdk/src/rp2_common/pico_double/double_aeabi_rp2040.S.obj
                0x0000000010001e58                __wrap___aeabi_dcmple
 .text.__wrap___aeabi_dcmpge
                0x0000000010001e68       0x10 CMakeFiles/pico_opt4048_test.dir/home/henrik/data/pico/pico-sdk/src/rp2_common/pico_double/double_aeabi_rp2040.S.obj
                0x0000000010001e68                __wrap___aeabi_dcmpge
 .text.__wrap___aeabi_dcmpgt
                0x0000000010001e78        0xa CMakeFiles/pico_opt4048_test.dir/home/henrik/data/pico/pico-sdk/src/rp2_common/pico_double/double_aeabi_rp2040.S.obj
                0x0000000010001e78                __wrap___aeabi_dcmpgt
 .text.__wrap___aeabi_dcmpun
                0x0000000010001e82       0x18 CMakeFiles/pico_opt4048_test.dir/home/henrik/data/pico/pico-sdk/src/rp2_common/pico_double/double_aeabi_rp2040.S.obj
                0x0000000010001e82                __wrap___aeabi_dcmpun
 *fill*         0x0000000010001e9a        0x2 
 .text.__wrap___aeabi_i2d
                0x0000000010001e9c       0x38 CMakeFiles/pico_opt4048_test.dir/home/henrik/data/pico/pico-sdk/src/rp2_common/pico_double/double_aeabi_rp2040.S.obj
                0x0000000010001e9c                __wrap___aeabi_ui2d
                0x0000000010001ea4                __wrap___aeabi_i2d
 .text.__wrap___aeabi_d2iz
                0x0000000010001ed4       0x48 CMakeFiles/pico_opt4048_test.dir/home/henrik/data/pico/pico-sdk/src/rp2_common/pico_double/double_aeabi_rp2040.S.obj
                0x0000000010001ed4                __wrap___aeabi_d2iz
                0x0000000010001ed4                double2int_z
 .text.__wrap___aeabi_d2uiz
                0x0000000010001f1c       0x18 CMakeFiles/pico_opt4048_test.dir/home/henrik/data/pico/pico-sdk/src/rp2_common/pico_double/double_aeabi_rp2040.S.obj
                0x0000000010001f1c                double2uint
                0x0000000010001f1c                __wrap___aeabi_d2uiz
 .text.__wrap_exp
                0x0000000010001f34       0x18 CMakeFiles/pico_opt4048_test.dir/home/henrik/data/pico/pico-sdk/src/rp2_common/pico_double/double_aeabi_rp2040.S.obj
                0x0000000010001f34                __wrap_exp
 .text.__wrap_log
                0x0000000010001f4c       0x18 CMakeFiles/pico_opt4048_test.dir/home/henrik/data/pico/pico-sdk/src/rp2_common/pico_double/double_aeabi_rp2040.S.obj
                0x0000000010001f4c                __wrap_log
 .text.__aeabi_double_init
                0x0000000010001f64       0xc8 CMakeFiles/pico_opt4048_test.dir/home/henrik/data/pico/pico-sdk/src/rp2_common/pico_double/double_init_rom_rp2040.c.obj
                0x0000000010001f64                __aeabi_double_init
 .text.dpow_int2
                0x000000001000202c       0x2c CMakeFiles/pico_opt4048_test.dir/home/henrik/data/pico/pico-sdk/src/rp2_common/pico_double/double_math.c.obj
 .text.dpow_1   0x0000000010002058      0x2a8 CMakeFiles/pico_opt4048_test.dir/home/henrik/data/pico/pico-sdk/src/rp2_common/pico_double/double_math.c.obj
 .text.dpow_0   0x0000000010002300      0x1a0 CMakeFiles/pico_opt4048_test.dir/home/henrik/data/pico/pico-sdk/src/rp2_common/pico_double/double_math.c.obj
 .text.__wrap_ldexp
                0x00000000100024a0       0x50 CMakeFiles/pico_opt4048_test.dir/home/henrik/data/pico/pico-sdk/src/rp2_common/pico_double/double_math.c.obj
                0x00000000100024a0                __wrap_ldexp
 .text.__wrap_round
                0x00000000100024f0       0x9c CMakeFiles/pico_opt4048_test.dir/home/henrik/data/pico/pico-sdk/src/rp2_common/pico_double/double_math.c.obj
                0x00000000100024f0                __wrap_round
 .text.__wrap_exp2
                0x000000001000258c       0xcc CMakeFiles/pico_opt4048_test.dir/home/henrik/data/pico/pico-sdk/src/rp2_common/pico_double/double_math.c.obj
                0x000000001000258c                __wrap_exp2
 .text.__wrap_pow
                0x0000000010002658      0x37c CMakeFiles/pico_opt4048_test.dir/home/henrik/data/pico/pico-sdk/src/rp2_common/pico_double/double_math.c.obj
                0x0000000010002658                __wrap_pow
 .text.double_table_shim_on_use_helper
                0x00000000100029d4       0x34 CMakeFiles/pico_opt4048_test.dir/home/henrik/data/pico/pico-sdk/src/rp2_common/pico_double/double_v1_rom_shim_rp2040.S.obj
                0x00000000100029d4                double_table_shim_on_use_helper
 .text.__wrap___aeabi_dsub
                0x0000000010002a08       0x10 CMakeFiles/pico_opt4048_test.dir/home/henrik/data/pico/pico-sdk/src/rp2_common/pico_double/double_v1_rom_shim_rp2040.S.obj
                0x0000000010002a08                drsub_shim
                0x0000000010002a0e                dsub_shim
 .text.dadd_shim
                0x0000000010002a18      0x15c CMakeFiles/pico_opt4048_test.dir/home/henrik/data/pico/pico-sdk/src/rp2_common/pico_double/double_v1_rom_shim_rp2040.S.obj
                0x0000000010002a18                dadd_shim
 .text.dmul_shim
                0x0000000010002b74      0x15c CMakeFiles/pico_opt4048_test.dir/home/henrik/data/pico/pico-sdk/src/rp2_common/pico_double/double_v1_rom_shim_rp2040.S.obj
                0x0000000010002b74                dmul_shim
 .text.ddiv_shim
                0x0000000010002cd0      0x1b0 CMakeFiles/pico_opt4048_test.dir/home/henrik/data/pico/pico-sdk/src/rp2_common/pico_double/double_v1_rom_shim_rp2040.S.obj
                0x0000000010002cd0                ddiv_shim
 .text.double2uint_shim
                0x0000000010002e80        0xe CMakeFiles/pico_opt4048_test.dir/home/henrik/data/pico/pico-sdk/src/rp2_common/pico_double/double_v1_rom_shim_rp2040.S.obj
                0x0000000010002e80                double2uint_shim
                0x0000000010002e82                double2ufix_shim
 *fill*         0x0000000010002e8e        0x2 
 .text.double2uint64_shim
                0x0000000010002e90       0x70 CMakeFiles/pico_opt4048_test.dir/home/henrik/data/pico/pico-sdk/src/rp2_common/pico_double/double_v1_rom_shim_rp2040.S.obj
                0x0000000010002e90                double2uint64_shim
                0x0000000010002e92                double2ufix64_shim
                0x0000000010002eb2                d2fix_a
 .text.x2double_shims
                0x0000000010002f00       0x90 CMakeFiles/pico_opt4048_test.dir/home/henrik/data/pico/pico-sdk/src/rp2_common/pico_double/double_v1_rom_shim_rp2040.S.obj
                0x0000000010002f00                uint2double_shim
                0x0000000010002f02                ufix2double_shim
                0x0000000010002f08                int2double_shim
                0x0000000010002f0a                fix2double_shim
                0x0000000010002f10                uint642double_shim
                0x0000000010002f12                ufix642double_shim
                0x0000000010002f18                int642double_shim
                0x0000000010002f1a                fix642double_shim
 .text.dunpacks
                0x0000000010002f90       0x3c CMakeFiles/pico_opt4048_test.dir/home/henrik/data/pico/pico-sdk/src/rp2_common/pico_double/double_v1_rom_shim_rp2040.S.obj
                0x0000000010002f90                dunpacks
 .text.dreduce  0x0000000010002fcc       0x82 CMakeFiles/pico_opt4048_test.dir/home/henrik/data/pico/pico-sdk/src/rp2_common/pico_double/double_v1_rom_shim_rp2040.S.obj
                0x0000000010002fcc                dreduce
 *fill*         0x000000001000304e        0x2 
 .text.dexp_guts
                0x0000000010003050      0x268 CMakeFiles/pico_opt4048_test.dir/home/henrik/data/pico/pico-sdk/src/rp2_common/pico_double/double_v1_rom_shim_rp2040.S.obj
                0x0000000010003050                dexp_shim
                0x00000000100030ec                dln_shim
 .text.__aeabi_lmul
                0x00000000100032b8       0x32 CMakeFiles/pico_opt4048_test.dir/home/henrik/data/pico/pico-sdk/src/rp2_common/pico_int64_ops/pico_int64_ops_aeabi.S.obj
                0x00000000100032b8                __wrap___aeabi_lmul
 *fill*         0x00000000100032ea        0x2 
 .text.__aeabi_float_init
                0x00000000100032ec       0xfc CMakeFiles/pico_opt4048_test.dir/home/henrik/data/pico/pico-sdk/src/rp2_common/pico_float/float_init_rom_rp2040.c.obj
                0x00000000100032ec                __aeabi_float_init
 .text.float_table_shim_on_use_helper
                0x00000000100033e8       0x34 CMakeFiles/pico_opt4048_test.dir/home/henrik/data/pico/pico-sdk/src/rp2_common/pico_float/float_v1_rom_shim_rp2040.S.obj
                0x00000000100033e8                float_table_shim_on_use_helper
 .text          0x000000001000341c       0x10 CMakeFiles/pico_opt4048_test.dir/home/henrik/data/pico/pico-sdk/src/rp2_common/pico_mem_ops/mem_ops_aeabi.S.obj
                0x000000001000341c                __aeabi_mem_init
 .text.memset   0x000000001000342c        0xc CMakeFiles/pico_opt4048_test.dir/home/henrik/data/pico/pico-sdk/src/rp2_common/pico_mem_ops/mem_ops_aeabi.S.obj
                0x000000001000342c                __wrap_memset
 .text.memcpy   0x0000000010003438        0xc CMakeFiles/pico_opt4048_test.dir/home/henrik/data/pico/pico-sdk/src/rp2_common/pico_mem_ops/mem_ops_aeabi.S.obj
                0x0000000010003438                __wrap___aeabi_memcpy
                0x0000000010003438                __wrap_memcpy
 .text._out_null
                0x0000000010003444        0x2 CMakeFiles/pico_opt4048_test.dir/home/henrik/data/pico/pico-sdk/src/rp2_common/pico_printf/printf.c.obj
 .text._out_fct
                0x0000000010003446        0xe CMakeFiles/pico_opt4048_test.dir/home/henrik/data/pico/pico-sdk/src/rp2_common/pico_printf/printf.c.obj
 .text._atoi    0x0000000010003454       0x24 CMakeFiles/pico_opt4048_test.dir/home/henrik/data/pico/pico-sdk/src/rp2_common/pico_printf/printf.c.obj
 .text._out_rev
                0x0000000010003478       0xae CMakeFiles/pico_opt4048_test.dir/home/henrik/data/pico/pico-sdk/src/rp2_common/pico_printf/printf.c.obj
 .text._ntoa_format
                0x0000000010003526      0x112 CMakeFiles/pico_opt4048_test.dir/home/henrik/data/pico/pico-sdk/src/rp2_common/pico_printf/printf.c.obj
 .text._ntoa_long
                0x0000000010003638       0xbc CMakeFiles/pico_opt4048_test.dir/home/henrik/data/pico/pico-sdk/src/rp2_common/pico_printf/printf.c.obj
 .text._ntoa_long_long
                0x00000000100036f4       0xe2 CMakeFiles/pico_opt4048_test.dir/home/henrik/data/pico/pico-sdk/src/rp2_common/pico_printf/printf.c.obj
 *fill*         0x00000000100037d6        0x2 
 .text._etoa    0x00000000100037d8      0x414 CMakeFiles/pico_opt4048_test.dir/home/henrik/data/pico/pico-sdk/src/rp2_common/pico_printf/printf.c.obj
 .text._ftoa    0x0000000010003bec      0x354 CMakeFiles/pico_opt4048_test.dir/home/henrik/data/pico/pico-sdk/src/rp2_common/pico_printf/printf.c.obj
 .text._vsnprintf
                0x0000000010003f40      0x624 CMakeFiles/pico_opt4048_test.dir/home/henrik/data/pico/pico-sdk/src/rp2_common/pico_printf/printf.c.obj
 .text.vfctprintf
                0x0000000010004564       0x20 CMakeFiles/pico_opt4048_test.dir/home/henrik/data/pico/pico-sdk/src/rp2_common/pico_printf/printf.c.obj
                0x0000000010004564                vfctprintf
 .text._exit    0x0000000010004584        0x4 CMakeFiles/pico_opt4048_test.dir/home/henrik/data/pico/pico-sdk/src/rp2_common/pico_clib_interface/newlib_interface.c.obj
                0x0000000010004584                _exit
 .text.exit     0x0000000010004588        0x6 CMakeFiles/pico_opt4048_test.dir/home/henrik/data/pico/pico-sdk/src/rp2_common/pico_clib_interface/newlib_interface.c.obj
                0x0000000010004588                exit
 *fill*         0x000000001000458e        0x2 
 .text.__assert_func
                0x0000000010004590       0x3c CMakeFiles/pico_opt4048_test.dir/home/henrik/data/pico/pico-sdk/src/rp2_common/pico_clib_interface/newlib_interface.c.obj
                0x0000000010004590                __assert_func
 .text.runtime_init
                0x00000000100045cc       0x28 CMakeFiles/pico_opt4048_test.dir/home/henrik/data/pico/pico-sdk/src/rp2_common/pico_clib_interface/newlib_interface.c.obj
                0x00000000100045cc                runtime_init
 .text.stdio_out_chars_no_crlf
                0x00000000100045f4        0xe CMakeFiles/pico_opt4048_test.dir/home/henrik/data/pico/pico-sdk/src/rp2_common/pico_stdio/stdio.c.obj
 *fill*         0x0000000010004602        0x2 
 .text.stdio_out_chars_crlf
                0x0000000010004604       0x80 CMakeFiles/pico_opt4048_test.dir/home/henrik/data/pico/pico-sdk/src/rp2_common/pico_stdio/stdio.c.obj
 .text.stdio_stack_buffer_flush
                0x0000000010004684       0x44 CMakeFiles/pico_opt4048_test.dir/home/henrik/data/pico/pico-sdk/src/rp2_common/pico_stdio/stdio.c.obj
 .text.stdio_buffered_printer
                0x00000000100046c8       0x20 CMakeFiles/pico_opt4048_test.dir/home/henrik/data/pico/pico-sdk/src/rp2_common/pico_stdio/stdio.c.obj
 .text.stdout_serialize_begin
                0x00000000100046e8       0x30 CMakeFiles/pico_opt4048_test.dir/home/henrik/data/pico/pico-sdk/src/rp2_common/pico_stdio/stdio.c.obj
                0x00000000100046e8                stdout_serialize_begin
 .text.stdout_serialize_end
                0x0000000010004718       0x10 CMakeFiles/pico_opt4048_test.dir/home/henrik/data/pico/pico-sdk/src/rp2_common/pico_stdio/stdio.c.obj
                0x0000000010004718                stdout_serialize_end
 .text.stdio_put_string
                0x0000000010004728       0x94 CMakeFiles/pico_opt4048_test.dir/home/henrik/data/pico/pico-sdk/src/rp2_common/pico_stdio/stdio.c.obj
                0x0000000010004728                stdio_put_string
 .text.stdio_set_driver_enabled
                0x00000000100047bc       0x2c CMakeFiles/pico_opt4048_test.dir/home/henrik/data/pico/pico-sdk/src/rp2_common/pico_stdio/stdio.c.obj
                0x00000000100047bc                stdio_set_driver_enabled
 .text.stdio_flush
                0x00000000100047e8       0x20 CMakeFiles/pico_opt4048_test.dir/home/henrik/data/pico/pico-sdk/src/rp2_common/pico_stdio/stdio.c.obj
                0x00000000100047e8                stdio_flush
 .text.stdio_init_all
                0x0000000010004808        0x8 CMakeFiles/pico_opt4048_test.dir/home/henrik/data/pico/pico-sdk/src/rp2_common/pico_stdio/stdio.c.obj
                0x0000000010004808                stdio_init_all
 .text.__wrap_putchar
                0x0000000010004810       0x1c CMakeFiles/pico_opt4048_test.dir/home/henrik/data/pico/pico-sdk/src/rp2_common/pico_stdio/stdio.c.obj
                0x0000000010004810                stdio_putchar
                0x0000000010004810                __wrap_putchar
 .text.__wrap_puts
                0x000000001000482c       0x1e CMakeFiles/pico_opt4048_test.dir/home/henrik/data/pico/pico-sdk/src/rp2_common/pico_stdio/stdio.c.obj
                0x000000001000482c                __wrap_puts
                0x000000001000482c                stdio_puts
 *fill*         0x000000001000484a        0x2 
 .text.__wrap_vprintf
                0x000000001000484c       0x40 CMakeFiles/pico_opt4048_test.dir/home/henrik/data/pico/pico-sdk/src/rp2_common/pico_stdio/stdio.c.obj
                0x000000001000484c                __wrap_vprintf
                0x000000001000484c                stdio_vprintf
 .text.__wrap_printf
                0x000000001000488c       0x18 CMakeFiles/pico_opt4048_test.dir/home/henrik/data/pico/pico-sdk/src/rp2_common/pico_stdio/stdio.c.obj
                0x000000001000488c                stdio_printf
                0x000000001000488c                __wrap_printf
 .text.resetd_init
                0x00000000100048a4        0x2 CMakeFiles/pico_opt4048_test.dir/home/henrik/data/pico/pico-sdk/src/rp2_common/pico_stdio_usb/reset_interface.c.obj
 *fill*         0x00000000100048a6        0x2 
 .text.resetd_reset
                0x00000000100048a8        0xc CMakeFiles/pico_opt4048_test.dir/home/henrik/data/pico/pico-sdk/src/rp2_common/pico_stdio_usb/reset_interface.c.obj
 .text.resetd_open
                0x00000000100048b4       0x34 CMakeFiles/pico_opt4048_test.dir/home/henrik/data/pico/pico-sdk/src/rp2_common/pico_stdio_usb/reset_interface.c.obj
 .text.resetd_xfer_cb
                0x00000000100048e8        0x4 CMakeFiles/pico_opt4048_test.dir/home/henrik/data/pico/pico-sdk/src/rp2_common/pico_stdio_usb/reset_interface.c.obj
 .text.resetd_control_xfer_cb
                0x00000000100048ec       0x5c CMakeFiles/pico_opt4048_test.dir/home/henrik/data/pico/pico-sdk/src/rp2_common/pico_stdio_usb/reset_interface.c.obj
 .text.tud_descriptor_bos_cb
                0x0000000010004948        0x8 CMakeFiles/pico_opt4048_test.dir/home/henrik/data/pico/pico-sdk/src/rp2_common/pico_stdio_usb/reset_interface.c.obj
                0x0000000010004948                tud_descriptor_bos_cb
 .text.tud_vendor_control_xfer_cb
                0x0000000010004950       0x38 CMakeFiles/pico_opt4048_test.dir/home/henrik/data/pico/pico-sdk/src/rp2_common/pico_stdio_usb/reset_interface.c.obj
                0x0000000010004950                tud_vendor_control_xfer_cb
 .text.usbd_app_driver_get_cb
                0x0000000010004988        0xc CMakeFiles/pico_opt4048_test.dir/home/henrik/data/pico/pico-sdk/src/rp2_common/pico_stdio_usb/reset_interface.c.obj
                0x0000000010004988                usbd_app_driver_get_cb
 .text.tud_cdc_line_coding_cb
                0x0000000010004994       0x28 CMakeFiles/pico_opt4048_test.dir/home/henrik/data/pico/pico-sdk/src/rp2_common/pico_stdio_usb/reset_interface.c.obj
                0x0000000010004994                tud_cdc_line_coding_cb
 .text.stdio_usb_set_chars_available_callback
                0x00000000100049bc       0x14 CMakeFiles/pico_opt4048_test.dir/home/henrik/data/pico/pico-sdk/src/rp2_common/pico_stdio_usb/stdio_usb.c.obj
                0x00000000100049bc                stdio_usb_set_chars_available_callback
 .text.stdio_usb_out_flush
                0x00000000100049d0       0x4c CMakeFiles/pico_opt4048_test.dir/home/henrik/data/pico/pico-sdk/src/rp2_common/pico_stdio_usb/stdio_usb.c.obj
 .text.usb_irq  0x0000000010004a1c       0x10 CMakeFiles/pico_opt4048_test.dir/home/henrik/data/pico/pico-sdk/src/rp2_common/pico_stdio_usb/stdio_usb.c.obj
 .text.low_priority_worker_irq
                0x0000000010004a2c       0xd0 CMakeFiles/pico_opt4048_test.dir/home/henrik/data/pico/pico-sdk/src/rp2_common/pico_stdio_usb/stdio_usb.c.obj
 .text.timer_task
                0x0000000010004afc       0x6c CMakeFiles/pico_opt4048_test.dir/home/henrik/data/pico/pico-sdk/src/rp2_common/pico_stdio_usb/stdio_usb.c.obj
 .text.stdio_usb_init
                0x0000000010004b68       0xfc CMakeFiles/pico_opt4048_test.dir/home/henrik/data/pico/pico-sdk/src/rp2_common/pico_stdio_usb/stdio_usb.c.obj
                0x0000000010004b68                stdio_usb_init
 .text.stdio_usb_connected
                0x0000000010004c64        0xa CMakeFiles/pico_opt4048_test.dir/home/henrik/data/pico/pico-sdk/src/rp2_common/pico_stdio_usb/stdio_usb.c.obj
                0x0000000010004c64                stdio_usb_connected
 *fill*         0x0000000010004c6e        0x2 
 .text.stdio_usb_in_chars
                0x0000000010004c70       0x98 CMakeFiles/pico_opt4048_test.dir/home/henrik/data/pico/pico-sdk/src/rp2_common/pico_stdio_usb/stdio_usb.c.obj
                0x0000000010004c70                stdio_usb_in_chars
 .text.stdio_usb_out_chars
                0x0000000010004d08       0xe8 CMakeFiles/pico_opt4048_test.dir/home/henrik/data/pico/pico-sdk/src/rp2_common/pico_stdio_usb/stdio_usb.c.obj
 .text.tud_descriptor_device_cb
                0x0000000010004df0        0x8 CMakeFiles/pico_opt4048_test.dir/home/henrik/data/pico/pico-sdk/src/rp2_common/pico_stdio_usb/stdio_usb_descriptors.c.obj
                0x0000000010004df0                tud_descriptor_device_cb
 .text.tud_descriptor_configuration_cb
                0x0000000010004df8        0x8 CMakeFiles/pico_opt4048_test.dir/home/henrik/data/pico/pico-sdk/src/rp2_common/pico_stdio_usb/stdio_usb_descriptors.c.obj
                0x0000000010004df8                tud_descriptor_configuration_cb
 .text.tud_descriptor_string_cb
                0x0000000010004e00       0x6c CMakeFiles/pico_opt4048_test.dir/home/henrik/data/pico/pico-sdk/src/rp2_common/pico_stdio_usb/stdio_usb_descriptors.c.obj
                0x0000000010004e00                tud_descriptor_string_cb
 .text._retrieve_unique_id_on_boot
                0x0000000010004e6c       0x10 CMakeFiles/pico_opt4048_test.dir/home/henrik/data/pico/pico-sdk/src/rp2_common/pico_unique_id/unique_id.c.obj
 .text.pico_get_unique_board_id_string
                0x0000000010004e7c       0x60 CMakeFiles/pico_opt4048_test.dir/home/henrik/data/pico/pico-sdk/src/rp2_common/pico_unique_id/unique_id.c.obj
                0x0000000010004e7c                pico_get_unique_board_id_string
 .text.flash_get_unique_id
                0x0000000010004edc       0x46 CMakeFiles/pico_opt4048_test.dir/home/henrik/data/pico/pico-sdk/src/rp2_common/hardware_flash/flash.c.obj
                0x0000000010004edc                flash_get_unique_id
 *fill*         0x0000000010004f22        0x2 
 .text.hw_endpoint_get_by_addr
                0x0000000010004f24       0x18 CMakeFiles/pico_opt4048_test.dir/home/henrik/data/pico/pico-sdk/lib/tinyusb/src/portable/raspberrypi/rp2040/dcd_rp2040.c.obj
 .text._hw_endpoint_alloc
                0x0000000010004f3c       0x70 CMakeFiles/pico_opt4048_test.dir/home/henrik/data/pico/pico-sdk/lib/tinyusb/src/portable/raspberrypi/rp2040/dcd_rp2040.c.obj
 .text.hw_endpoint_init
                0x0000000010004fac       0x88 CMakeFiles/pico_opt4048_test.dir/home/henrik/data/pico/pico-sdk/lib/tinyusb/src/portable/raspberrypi/rp2040/dcd_rp2040.c.obj
 .text.hw_endpoint_xfer
                0x0000000010005034       0x14 CMakeFiles/pico_opt4048_test.dir/home/henrik/data/pico/pico-sdk/lib/tinyusb/src/portable/raspberrypi/rp2040/dcd_rp2040.c.obj
 .text.dcd_int_enable
                0x0000000010005048       0x2c CMakeFiles/pico_opt4048_test.dir/home/henrik/data/pico/pico-sdk/lib/tinyusb/src/portable/raspberrypi/rp2040/dcd_rp2040.c.obj
                0x0000000010005048                dcd_int_enable
 .text.dcd_set_address
                0x0000000010005074       0x2c CMakeFiles/pico_opt4048_test.dir/home/henrik/data/pico/pico-sdk/lib/tinyusb/src/portable/raspberrypi/rp2040/dcd_rp2040.c.obj
                0x0000000010005074                dcd_set_address
 .text.dcd_connect
                0x00000000100050a0       0x10 CMakeFiles/pico_opt4048_test.dir/home/henrik/data/pico/pico-sdk/lib/tinyusb/src/portable/raspberrypi/rp2040/dcd_rp2040.c.obj
                0x00000000100050a0                dcd_connect
 .text.dcd_init
                0x00000000100050b0       0x80 CMakeFiles/pico_opt4048_test.dir/home/henrik/data/pico/pico-sdk/lib/tinyusb/src/portable/raspberrypi/rp2040/dcd_rp2040.c.obj
                0x00000000100050b0                dcd_init
 .text.dcd_edpt0_status_complete
                0x0000000010005130       0x1c CMakeFiles/pico_opt4048_test.dir/home/henrik/data/pico/pico-sdk/lib/tinyusb/src/portable/raspberrypi/rp2040/dcd_rp2040.c.obj
                0x0000000010005130                dcd_edpt0_status_complete
 .text.dcd_edpt_open
                0x000000001000514c       0x40 CMakeFiles/pico_opt4048_test.dir/home/henrik/data/pico/pico-sdk/lib/tinyusb/src/portable/raspberrypi/rp2040/dcd_rp2040.c.obj
                0x000000001000514c                dcd_edpt_open
 .text.dcd_edpt_close_all
                0x000000001000518c        0x8 CMakeFiles/pico_opt4048_test.dir/home/henrik/data/pico/pico-sdk/lib/tinyusb/src/portable/raspberrypi/rp2040/dcd_rp2040.c.obj
                0x000000001000518c                dcd_edpt_close_all
 .text.dcd_edpt_xfer
                0x0000000010005194       0x34 CMakeFiles/pico_opt4048_test.dir/home/henrik/data/pico/pico-sdk/lib/tinyusb/src/portable/raspberrypi/rp2040/dcd_rp2040.c.obj
                0x0000000010005194                dcd_edpt_xfer
 .text.dcd_edpt_stall
                0x00000000100051c8       0x2c CMakeFiles/pico_opt4048_test.dir/home/henrik/data/pico/pico-sdk/lib/tinyusb/src/portable/raspberrypi/rp2040/dcd_rp2040.c.obj
                0x00000000100051c8                dcd_edpt_stall
 .text.dcd_edpt_clear_stall
                0x00000000100051f4       0x20 CMakeFiles/pico_opt4048_test.dir/home/henrik/data/pico/pico-sdk/lib/tinyusb/src/portable/raspberrypi/rp2040/dcd_rp2040.c.obj
                0x00000000100051f4                dcd_edpt_clear_stall
 .text.rp2040_usb_init
                0x0000000010005214       0x4c CMakeFiles/pico_opt4048_test.dir/home/henrik/data/pico/pico-sdk/lib/tinyusb/src/portable/raspberrypi/rp2040/rp2040_usb.c.obj
                0x0000000010005214                rp2040_usb_init
 .text.hw_endpoint_xfer_start
                0x0000000010005260       0x50 CMakeFiles/pico_opt4048_test.dir/home/henrik/data/pico/pico-sdk/lib/tinyusb/src/portable/raspberrypi/rp2040/rp2040_usb.c.obj
                0x0000000010005260                hw_endpoint_xfer_start
 .text.configuration_reset
                0x00000000100052b0       0x88 CMakeFiles/pico_opt4048_test.dir/home/henrik/data/pico/pico-sdk/lib/tinyusb/src/device/usbd.c.obj
 .text.usbd_reset
                0x0000000010005338        0xc CMakeFiles/pico_opt4048_test.dir/home/henrik/data/pico/pico-sdk/lib/tinyusb/src/device/usbd.c.obj
 .text.invoke_class_control
                0x0000000010005344       0x1a CMakeFiles/pico_opt4048_test.dir/home/henrik/data/pico/pico-sdk/lib/tinyusb/src/device/usbd.c.obj
 *fill*         0x000000001000535e        0x2 
 .text.process_set_config
                0x0000000010005360      0x188 CMakeFiles/pico_opt4048_test.dir/home/henrik/data/pico/pico-sdk/lib/tinyusb/src/device/usbd.c.obj
 .text.process_get_descriptor
                0x00000000100054e8       0xdc CMakeFiles/pico_opt4048_test.dir/home/henrik/data/pico/pico-sdk/lib/tinyusb/src/device/usbd.c.obj
 .text.tud_mounted
                0x00000000100055c4       0x10 CMakeFiles/pico_opt4048_test.dir/home/henrik/data/pico/pico-sdk/lib/tinyusb/src/device/usbd.c.obj
                0x00000000100055c4                tud_mounted
 .text.tud_suspended
                0x00000000100055d4       0x10 CMakeFiles/pico_opt4048_test.dir/home/henrik/data/pico/pico-sdk/lib/tinyusb/src/device/usbd.c.obj
                0x00000000100055d4                tud_suspended
 .text.tud_inited
                0x00000000100055e4       0x14 CMakeFiles/pico_opt4048_test.dir/home/henrik/data/pico/pico-sdk/lib/tinyusb/src/device/usbd.c.obj
                0x00000000100055e4                tud_inited
 .text.tud_init
                0x00000000100055f8       0xd0 CMakeFiles/pico_opt4048_test.dir/home/henrik/data/pico/pico-sdk/lib/tinyusb/src/device/usbd.c.obj
                0x00000000100055f8                tud_init
 .text.usbd_edpt_open
                0x00000000100056c8       0x34 CMakeFiles/pico_opt4048_test.dir/home/henrik/data/pico/pico-sdk/lib/tinyusb/src/device/usbd.c.obj
                0x00000000100056c8                usbd_edpt_open
 .text.usbd_open_edpt_pair
                0x00000000100056fc       0x62 CMakeFiles/pico_opt4048_test.dir/home/henrik/data/pico/pico-sdk/lib/tinyusb/src/device/usbd.c.obj
                0x00000000100056fc                usbd_open_edpt_pair
 *fill*         0x000000001000575e        0x2 
 .text.usbd_edpt_claim
                0x0000000010005760       0x28 CMakeFiles/pico_opt4048_test.dir/home/henrik/data/pico/pico-sdk/lib/tinyusb/src/device/usbd.c.obj
                0x0000000010005760                usbd_edpt_claim
 .text.usbd_edpt_release
                0x0000000010005788       0x28 CMakeFiles/pico_opt4048_test.dir/home/henrik/data/pico/pico-sdk/lib/tinyusb/src/device/usbd.c.obj
                0x0000000010005788                usbd_edpt_release
 .text.usbd_edpt_xfer
                0x00000000100057b0       0x78 CMakeFiles/pico_opt4048_test.dir/home/henrik/data/pico/pico-sdk/lib/tinyusb/src/device/usbd.c.obj
                0x00000000100057b0                usbd_edpt_xfer
 .text.usbd_edpt_busy
                0x0000000010005828       0x1c CMakeFiles/pico_opt4048_test.dir/home/henrik/data/pico/pico-sdk/lib/tinyusb/src/device/usbd.c.obj
                0x0000000010005828                usbd_edpt_busy
 .text.usbd_edpt_stall
                0x0000000010005844       0x48 CMakeFiles/pico_opt4048_test.dir/home/henrik/data/pico/pico-sdk/lib/tinyusb/src/device/usbd.c.obj
                0x0000000010005844                usbd_edpt_stall
 .text.usbd_edpt_clear_stall
                0x000000001000588c       0x48 CMakeFiles/pico_opt4048_test.dir/home/henrik/data/pico/pico-sdk/lib/tinyusb/src/device/usbd.c.obj
                0x000000001000588c                usbd_edpt_clear_stall
 .text.usbd_edpt_stalled
                0x00000000100058d4       0x1c CMakeFiles/pico_opt4048_test.dir/home/henrik/data/pico/pico-sdk/lib/tinyusb/src/device/usbd.c.obj
                0x00000000100058d4                usbd_edpt_stalled
 .text.process_control_request
                0x00000000100058f0      0x378 CMakeFiles/pico_opt4048_test.dir/home/henrik/data/pico/pico-sdk/lib/tinyusb/src/device/usbd.c.obj
 .text.tud_task_ext
                0x0000000010005c68      0x1b8 CMakeFiles/pico_opt4048_test.dir/home/henrik/data/pico/pico-sdk/lib/tinyusb/src/device/usbd.c.obj
                0x0000000010005c68                tud_task_ext
 .text._data_stage_xact
                0x0000000010005e20       0x58 CMakeFiles/pico_opt4048_test.dir/home/henrik/data/pico/pico-sdk/lib/tinyusb/src/device/usbd_control.c.obj
 .text.tud_control_status
                0x0000000010005e78       0x38 CMakeFiles/pico_opt4048_test.dir/home/henrik/data/pico/pico-sdk/lib/tinyusb/src/device/usbd_control.c.obj
                0x0000000010005e78                tud_control_status
 .text.tud_control_xfer
                0x0000000010005eb0       0x74 CMakeFiles/pico_opt4048_test.dir/home/henrik/data/pico/pico-sdk/lib/tinyusb/src/device/usbd_control.c.obj
                0x0000000010005eb0                tud_control_xfer
 .text.usbd_control_reset
                0x0000000010005f24       0x14 CMakeFiles/pico_opt4048_test.dir/home/henrik/data/pico/pico-sdk/lib/tinyusb/src/device/usbd_control.c.obj
                0x0000000010005f24                usbd_control_reset
 .text.usbd_control_set_complete_callback
                0x0000000010005f38        0xc CMakeFiles/pico_opt4048_test.dir/home/henrik/data/pico/pico-sdk/lib/tinyusb/src/device/usbd_control.c.obj
                0x0000000010005f38                usbd_control_set_complete_callback
 .text.usbd_control_set_request
                0x0000000010005f44       0x1c CMakeFiles/pico_opt4048_test.dir/home/henrik/data/pico/pico-sdk/lib/tinyusb/src/device/usbd_control.c.obj
                0x0000000010005f44                usbd_control_set_request
 .text.usbd_control_xfer_cb
                0x0000000010005f60       0xcc CMakeFiles/pico_opt4048_test.dir/home/henrik/data/pico/pico-sdk/lib/tinyusb/src/device/usbd_control.c.obj
                0x0000000010005f60                usbd_control_xfer_cb
 .text._prep_out_transaction
                0x000000001000602c       0x4a CMakeFiles/pico_opt4048_test.dir/home/henrik/data/pico/pico-sdk/lib/tinyusb/src/class/cdc/cdc_device.c.obj
 *fill*         0x0000000010006076        0x2 
 .text.tud_cdc_n_connected
                0x0000000010006078       0x44 CMakeFiles/pico_opt4048_test.dir/home/henrik/data/pico/pico-sdk/lib/tinyusb/src/class/cdc/cdc_device.c.obj
                0x0000000010006078                tud_cdc_n_connected
 .text.tud_cdc_n_available
                0x00000000100060bc       0x18 CMakeFiles/pico_opt4048_test.dir/home/henrik/data/pico/pico-sdk/lib/tinyusb/src/class/cdc/cdc_device.c.obj
                0x00000000100060bc                tud_cdc_n_available
 .text.tud_cdc_n_read
                0x00000000100060d4       0x28 CMakeFiles/pico_opt4048_test.dir/home/henrik/data/pico/pico-sdk/lib/tinyusb/src/class/cdc/cdc_device.c.obj
                0x00000000100060d4                tud_cdc_n_read
 .text.tud_cdc_n_write_flush
                0x00000000100060fc       0xb8 CMakeFiles/pico_opt4048_test.dir/home/henrik/data/pico/pico-sdk/lib/tinyusb/src/class/cdc/cdc_device.c.obj
                0x00000000100060fc                tud_cdc_n_write_flush
 .text.tud_cdc_n_write
                0x00000000100061b4       0x38 CMakeFiles/pico_opt4048_test.dir/home/henrik/data/pico/pico-sdk/lib/tinyusb/src/class/cdc/cdc_device.c.obj
                0x00000000100061b4                tud_cdc_n_write
 .text.tud_cdc_n_write_available
                0x00000000100061ec       0x1c CMakeFiles/pico_opt4048_test.dir/home/henrik/data/pico/pico-sdk/lib/tinyusb/src/class/cdc/cdc_device.c.obj
                0x00000000100061ec                tud_cdc_n_write_available
 .text.cdcd_init
                0x0000000010006208       0xbc CMakeFiles/pico_opt4048_test.dir/home/henrik/data/pico/pico-sdk/lib/tinyusb/src/class/cdc/cdc_device.c.obj
                0x0000000010006208                cdcd_init
 .text.cdcd_reset
                0x00000000100062c4       0x44 CMakeFiles/pico_opt4048_test.dir/home/henrik/data/pico/pico-sdk/lib/tinyusb/src/class/cdc/cdc_device.c.obj
                0x00000000100062c4                cdcd_reset
 .text.cdcd_open
                0x0000000010006308       0xcc CMakeFiles/pico_opt4048_test.dir/home/henrik/data/pico/pico-sdk/lib/tinyusb/src/class/cdc/cdc_device.c.obj
                0x0000000010006308                cdcd_open
 .text.cdcd_control_xfer_cb
                0x00000000100063d4      0x134 CMakeFiles/pico_opt4048_test.dir/home/henrik/data/pico/pico-sdk/lib/tinyusb/src/class/cdc/cdc_device.c.obj
                0x00000000100063d4                cdcd_control_xfer_cb
 .text.cdcd_xfer_cb
                0x0000000010006508      0x130 CMakeFiles/pico_opt4048_test.dir/home/henrik/data/pico/pico-sdk/lib/tinyusb/src/class/cdc/cdc_device.c.obj
                0x0000000010006508                cdcd_xfer_cb
 .text._prep_out_transaction
                0x0000000010006638       0x30 CMakeFiles/pico_opt4048_test.dir/home/henrik/data/pico/pico-sdk/lib/tinyusb/src/class/vendor/vendor_device.c.obj
 .text.maybe_transmit
                0x0000000010006668       0x40 CMakeFiles/pico_opt4048_test.dir/home/henrik/data/pico/pico-sdk/lib/tinyusb/src/class/vendor/vendor_device.c.obj
 .text.vendord_init
                0x00000000100066a8       0xa8 CMakeFiles/pico_opt4048_test.dir/home/henrik/data/pico/pico-sdk/lib/tinyusb/src/class/vendor/vendor_device.c.obj
                0x00000000100066a8                vendord_init
 .text.vendord_reset
                0x0000000010006750       0x38 CMakeFiles/pico_opt4048_test.dir/home/henrik/data/pico/pico-sdk/lib/tinyusb/src/class/vendor/vendor_device.c.obj
                0x0000000010006750                vendord_reset
 .text.vendord_open
                0x0000000010006788       0xd0 CMakeFiles/pico_opt4048_test.dir/home/henrik/data/pico/pico-sdk/lib/tinyusb/src/class/vendor/vendor_device.c.obj
                0x0000000010006788                vendord_open
 .text.vendord_xfer_cb
                0x0000000010006858       0x80 CMakeFiles/pico_opt4048_test.dir/home/henrik/data/pico/pico-sdk/lib/tinyusb/src/class/vendor/vendor_device.c.obj
                0x0000000010006858                vendord_xfer_cb
 .text.tusb_init
                0x00000000100068d8        0xa CMakeFiles/pico_opt4048_test.dir/home/henrik/data/pico/pico-sdk/lib/tinyusb/src/tusb.c.obj
                0x00000000100068d8                tusb_init
 .text.tusb_inited
                0x00000000100068e2        0xe CMakeFiles/pico_opt4048_test.dir/home/henrik/data/pico/pico-sdk/lib/tinyusb/src/tusb.c.obj
                0x00000000100068e2                tusb_inited
 .text.tu_edpt_claim
                0x00000000100068f0       0x50 CMakeFiles/pico_opt4048_test.dir/home/henrik/data/pico/pico-sdk/lib/tinyusb/src/tusb.c.obj
                0x00000000100068f0                tu_edpt_claim
 .text.tu_edpt_release
                0x0000000010006940       0x3c CMakeFiles/pico_opt4048_test.dir/home/henrik/data/pico/pico-sdk/lib/tinyusb/src/tusb.c.obj
                0x0000000010006940                tu_edpt_release
 .text.tu_edpt_validate
                0x000000001000697c       0x78 CMakeFiles/pico_opt4048_test.dir/home/henrik/data/pico/pico-sdk/lib/tinyusb/src/tusb.c.obj
                0x000000001000697c                tu_edpt_validate
 .text.tu_edpt_bind_driver
                0x00000000100069f4       0x26 CMakeFiles/pico_opt4048_test.dir/home/henrik/data/pico/pico-sdk/lib/tinyusb/src/tusb.c.obj
                0x00000000100069f4                tu_edpt_bind_driver
 .text.advance_index
                0x0000000010006a1a       0x1a CMakeFiles/pico_opt4048_test.dir/home/henrik/data/pico/pico-sdk/lib/tinyusb/src/common/tusb_fifo.c.obj
 .text._tu_fifo_peek
                0x0000000010006a34       0x56 CMakeFiles/pico_opt4048_test.dir/home/henrik/data/pico/pico-sdk/lib/tinyusb/src/common/tusb_fifo.c.obj
 .text._ff_pull_const_addr
                0x0000000010006a8a       0x4c CMakeFiles/pico_opt4048_test.dir/home/henrik/data/pico/pico-sdk/lib/tinyusb/src/common/tusb_fifo.c.obj
 .text._ff_pull_n
                0x0000000010006ad6      0x110 CMakeFiles/pico_opt4048_test.dir/home/henrik/data/pico/pico-sdk/lib/tinyusb/src/common/tusb_fifo.c.obj
 .text._tu_fifo_peek_n
                0x0000000010006be6       0x6a CMakeFiles/pico_opt4048_test.dir/home/henrik/data/pico/pico-sdk/lib/tinyusb/src/common/tusb_fifo.c.obj
 .text._tu_fifo_read_n
                0x0000000010006c50       0x4e CMakeFiles/pico_opt4048_test.dir/home/henrik/data/pico/pico-sdk/lib/tinyusb/src/common/tusb_fifo.c.obj
 .text._ff_push_const_addr
                0x0000000010006c9e       0x40 CMakeFiles/pico_opt4048_test.dir/home/henrik/data/pico/pico-sdk/lib/tinyusb/src/common/tusb_fifo.c.obj
 .text._ff_push_n
                0x0000000010006cde      0x10c CMakeFiles/pico_opt4048_test.dir/home/henrik/data/pico/pico-sdk/lib/tinyusb/src/common/tusb_fifo.c.obj
 .text._tu_fifo_write_n
                0x0000000010006dea       0xf0 CMakeFiles/pico_opt4048_test.dir/home/henrik/data/pico/pico-sdk/lib/tinyusb/src/common/tusb_fifo.c.obj
 .text.tu_fifo_config
                0x0000000010006eda       0x7c CMakeFiles/pico_opt4048_test.dir/home/henrik/data/pico/pico-sdk/lib/tinyusb/src/common/tusb_fifo.c.obj
                0x0000000010006eda                tu_fifo_config
 .text.tu_fifo_count
                0x0000000010006f56       0x2a CMakeFiles/pico_opt4048_test.dir/home/henrik/data/pico/pico-sdk/lib/tinyusb/src/common/tusb_fifo.c.obj
                0x0000000010006f56                tu_fifo_count
 .text.tu_fifo_empty
                0x0000000010006f80       0x10 CMakeFiles/pico_opt4048_test.dir/home/henrik/data/pico/pico-sdk/lib/tinyusb/src/common/tusb_fifo.c.obj
                0x0000000010006f80                tu_fifo_empty
 .text.tu_fifo_full
                0x0000000010006f90       0x28 CMakeFiles/pico_opt4048_test.dir/home/henrik/data/pico/pico-sdk/lib/tinyusb/src/common/tusb_fifo.c.obj
                0x0000000010006f90                tu_fifo_full
 .text.tu_fifo_remaining
                0x0000000010006fb8       0x2c CMakeFiles/pico_opt4048_test.dir/home/henrik/data/pico/pico-sdk/lib/tinyusb/src/common/tusb_fifo.c.obj
                0x0000000010006fb8                tu_fifo_remaining
 .text.tu_fifo_read
                0x0000000010006fe4       0x42 CMakeFiles/pico_opt4048_test.dir/home/henrik/data/pico/pico-sdk/lib/tinyusb/src/common/tusb_fifo.c.obj
                0x0000000010006fe4                tu_fifo_read
 .text.tu_fifo_read_n
                0x0000000010007026        0xa CMakeFiles/pico_opt4048_test.dir/home/henrik/data/pico/pico-sdk/lib/tinyusb/src/common/tusb_fifo.c.obj
                0x0000000010007026                tu_fifo_read_n
 .text.tu_fifo_write
                0x0000000010007030       0x64 CMakeFiles/pico_opt4048_test.dir/home/henrik/data/pico/pico-sdk/lib/tinyusb/src/common/tusb_fifo.c.obj
                0x0000000010007030                tu_fifo_write
 .text.tu_fifo_write_n
                0x0000000010007094        0xa CMakeFiles/pico_opt4048_test.dir/home/henrik/data/pico/pico-sdk/lib/tinyusb/src/common/tusb_fifo.c.obj
                0x0000000010007094                tu_fifo_write_n
 .text.tu_fifo_clear
                0x000000001000709e       0x3e CMakeFiles/pico_opt4048_test.dir/home/henrik/data/pico/pico-sdk/lib/tinyusb/src/common/tusb_fifo.c.obj
                0x000000001000709e                tu_fifo_clear
 .text.tu_fifo_set_overwritable
                0x00000000100070dc       0x46 CMakeFiles/pico_opt4048_test.dir/home/henrik/data/pico/pico-sdk/lib/tinyusb/src/common/tusb_fifo.c.obj
                0x00000000100070dc                tu_fifo_set_overwritable
 .text.i2c_write_blocking_internal
                0x0000000010007122      0x158 CMakeFiles/pico_opt4048_test.dir/home/henrik/data/pico/pico-sdk/src/rp2_common/hardware_i2c/i2c.c.obj
 .text.i2c_read_blocking_internal
                0x000000001000727a       0xf6 CMakeFiles/pico_opt4048_test.dir/home/henrik/data/pico/pico-sdk/src/rp2_common/hardware_i2c/i2c.c.obj
 .text.i2c_set_baudrate
                0x0000000010007370       0xf0 CMakeFiles/pico_opt4048_test.dir/home/henrik/data/pico/pico-sdk/src/rp2_common/hardware_i2c/i2c.c.obj
                0x0000000010007370                i2c_set_baudrate
 .text.i2c_init
                0x0000000010007460       0x6c CMakeFiles/pico_opt4048_test.dir/home/henrik/data/pico/pico-sdk/src/rp2_common/hardware_i2c/i2c.c.obj
                0x0000000010007460                i2c_init
 .text.i2c_write_blocking
                0x00000000100074cc       0x18 CMakeFiles/pico_opt4048_test.dir/home/henrik/data/pico/pico-sdk/src/rp2_common/hardware_i2c/i2c.c.obj
                0x00000000100074cc                i2c_write_blocking
 .text.i2c_read_blocking
                0x00000000100074e4       0x18 CMakeFiles/pico_opt4048_test.dir/home/henrik/data/pico/pico-sdk/src/rp2_common/hardware_i2c/i2c.c.obj
                0x00000000100074e4                i2c_read_blocking
 .text._Z3mindd
                0x00000000100074fc       0x1c lib/pico_opt4048/libpico_opt4048.a(opt4048.cpp.obj)
                0x00000000100074fc                min(double, double)
 .text._Z3maxdd
                0x0000000010007518       0x1c lib/pico_opt4048/libpico_opt4048.a(opt4048.cpp.obj)
                0x0000000010007518                max(double, double)
 .text._ZN7OPT40488readFromEh
                0x0000000010007534       0x38 lib/pico_opt4048/libpico_opt4048.a(opt4048.cpp.obj)
                0x0000000010007534                OPT4048::readFrom(unsigned char)
 .text._ZN7OPT40487writeToEht
                0x000000001000756c       0x22 lib/pico_opt4048/libpico_opt4048.a(opt4048.cpp.obj)
                0x000000001000756c                OPT4048::writeTo(unsigned char, unsigned short)
 *fill*         0x000000001000758e        0x2 
 .text._ZN7OPT404810packConfigE21OPT4048_CONFIGURATION
                0x0000000010007590       0xa0 lib/pico_opt4048/libpico_opt4048.a(opt4048.cpp.obj)
                0x0000000010007590                OPT4048::packConfig(OPT4048_CONFIGURATION)
 .text._ZN7OPT404811writeConfigEv
                0x0000000010007630       0x26 lib/pico_opt4048/libpico_opt4048.a(opt4048.cpp.obj)
                0x0000000010007630                OPT4048::writeConfig()
 .text._ZN7OPT404812unpackConfigEm
                0x0000000010007656       0x4e lib/pico_opt4048/libpico_opt4048.a(opt4048.cpp.obj)
                0x0000000010007656                OPT4048::unpackConfig(unsigned long)
 .text._ZN7OPT404810readConfigEv
                0x00000000100076a4      0x110 lib/pico_opt4048/libpico_opt4048.a(opt4048.cpp.obj)
                0x00000000100076a4                OPT4048::readConfig()
 .text._ZN7OPT4048C2EP8i2c_insth
                0x00000000100077b4       0x5c lib/pico_opt4048/libpico_opt4048.a(opt4048.cpp.obj)
                0x00000000100077b4                OPT4048::OPT4048(i2c_inst*, unsigned char)
                0x00000000100077b4                OPT4048::OPT4048(i2c_inst*, unsigned char)
 .text._ZN7OPT404813unpackChannelEm
                0x0000000010007810       0x28 lib/pico_opt4048/libpico_opt4048.a(opt4048.cpp.obj)
                0x0000000010007810                OPT4048::unpackChannel(unsigned long)
 .text._ZN7OPT40484readEv
                0x0000000010007838      0x1bc lib/pico_opt4048/libpico_opt4048.a(opt4048.cpp.obj)
                0x0000000010007838                OPT4048::read()
 .text._ZN7OPT40489readInXYZEv
                0x00000000100079f4       0x54 lib/pico_opt4048/libpico_opt4048.a(opt4048.cpp.obj)
                0x00000000100079f4                OPT4048::readInXYZ()
 .text._ZN7OPT40489readInRGBEv
                0x0000000010007a48       0xe8 lib/pico_opt4048/libpico_opt4048.a(opt4048.cpp.obj)
                0x0000000010007a48                OPT4048::readInRGB()
 .text._Z15linearRGBToSRGBd
                0x0000000010007b30       0x68 lib/pico_opt4048/libpico_opt4048.a(conversions.cpp.obj)
                0x0000000010007b30                linearRGBToSRGB(double)
 .text._Z8rawToXYZ12opt4048_data
                0x0000000010007b98      0x260 lib/pico_opt4048/libpico_opt4048.a(conversions.cpp.obj)
                0x0000000010007b98                rawToXYZ(opt4048_data)
 .text._Z8xyzToRGB9color_xyz
                0x0000000010007df8      0x18c lib/pico_opt4048/libpico_opt4048.a(conversions.cpp.obj)
                0x0000000010007df8                xyzToRGB(color_xyz)
 .text          0x0000000010007f84       0x5c /usr/lib/gcc/arm-none-eabi/10.3.1/../../../arm-none-eabi/lib/thumb/v6-m/nofp/libg.a(lib_a-strlen-stub.o)
                0x0000000010007f84                strlen
 *(.fini)
 .fini          0x0000000010007fe0        0x4 /usr/lib/gcc/arm-none-eabi/10.3.1/thumb/v6-m/nofp/crti.o
                0x0000000010007fe0                _fini
 *fill*         0x0000000010007fe4        0x4 
 .fini.__stub   0x0000000010007fe8       0xd0 linker stubs
 *crtbegin.o(.ctors)
 *crtbegin?.o(.ctors)
 *(EXCLUDE_FILE(*crtend.o *crtend?.o) .ctors)
 *(SORT_BY_NAME(.ctors.*))
 *(.ctors)
 *crtbegin.o(.dtors)
 *crtbegin?.o(.dtors)
 *(EXCLUDE_FILE(*crtend.o *crtend?.o) .dtors)
 *(SORT_BY_NAME(.dtors.*))
 *(.dtors)
                0x00000000100080b8                . = ALIGN (0x4)
                0x00000000100080b8                PROVIDE (__preinit_array_start = .)
 *(SORT_BY_NAME(.preinit_array.*))
 .preinit_array.00100
                0x00000000100080b8        0x4 CMakeFiles/pico_opt4048_test.dir/home/henrik/data/pico/pico-sdk/src/rp2_common/pico_runtime_init/runtime_init.c.obj
                0x00000000100080b8                __pre_init_runtime_init_early_resets
 .preinit_array.00101
                0x00000000100080bc        0x4 CMakeFiles/pico_opt4048_test.dir/home/henrik/data/pico/pico-sdk/src/rp2_common/pico_runtime_init/runtime_init.c.obj
                0x00000000100080bc                __pre_init_runtime_init_usb_power_down
 .preinit_array.00275
                0x00000000100080c0        0x4 CMakeFiles/pico_opt4048_test.dir/home/henrik/data/pico/pico-sdk/src/rp2_common/pico_bit_ops/bit_ops_aeabi.S.obj
 .preinit_array.00300
                0x00000000100080c4        0x4 CMakeFiles/pico_opt4048_test.dir/home/henrik/data/pico/pico-sdk/src/rp2_common/pico_mem_ops/mem_ops_aeabi.S.obj
 .preinit_array.00350
                0x00000000100080c8        0x4 CMakeFiles/pico_opt4048_test.dir/home/henrik/data/pico/pico-sdk/src/rp2_common/pico_double/double_aeabi_rp2040.S.obj
 .preinit_array.00350
                0x00000000100080cc        0x4 CMakeFiles/pico_opt4048_test.dir/home/henrik/data/pico/pico-sdk/src/rp2_common/pico_float/float_aeabi_rp2040.S.obj
 .preinit_array.00500
                0x00000000100080d0        0x4 CMakeFiles/pico_opt4048_test.dir/home/henrik/data/pico/pico-sdk/src/rp2_common/pico_runtime_init/runtime_init.c.obj
                0x00000000100080d0                __pre_init_runtime_init_clocks
 .preinit_array.00600
                0x00000000100080d4        0x4 CMakeFiles/pico_opt4048_test.dir/home/henrik/data/pico/pico-sdk/src/rp2_common/pico_runtime_init/runtime_init.c.obj
                0x00000000100080d4                __pre_init_runtime_init_post_clock_resets
 .preinit_array.00700
                0x00000000100080d8        0x4 CMakeFiles/pico_opt4048_test.dir/home/henrik/data/pico/pico-sdk/src/rp2_common/pico_runtime_init/runtime_init.c.obj
                0x00000000100080d8                __pre_init_runtime_init_rp2040_gpio_ie_disable
 .preinit_array.01000
                0x00000000100080dc        0x4 CMakeFiles/pico_opt4048_test.dir/home/henrik/data/pico/pico-sdk/src/rp2_common/pico_runtime_init/runtime_init.c.obj
                0x00000000100080dc                __pre_init_runtime_init_spin_locks_reset
 .preinit_array.01100
                0x00000000100080e0        0x4 CMakeFiles/pico_opt4048_test.dir/home/henrik/data/pico/pico-sdk/src/common/pico_sync/mutex.c.obj
                0x00000000100080e0                __pre_init_runtime_init_mutex
 .preinit_array.10080
                0x00000000100080e4        0x4 CMakeFiles/pico_opt4048_test.dir/home/henrik/data/pico/pico-sdk/src/rp2_common/pico_runtime_init/runtime_init.c.obj
                0x00000000100080e4                __pre_init_runtime_init_install_ram_vector_table
 .preinit_array.11000
                0x00000000100080e8        0x4 CMakeFiles/pico_opt4048_test.dir/home/henrik/data/pico/pico-sdk/src/common/pico_time/time.c.obj
                0x00000000100080e8                __pre_init_runtime_init_default_alarm_pool
 .preinit_array.YYYYY
                0x00000000100080ec        0x4 CMakeFiles/pico_opt4048_test.dir/home/henrik/data/pico/pico-sdk/src/rp2_common/pico_runtime/runtime.c.obj
                0x00000000100080ec                __pre_init_first_per_core_initializer
 .preinit_array.ZZZZZ.01200
                0x00000000100080f0        0x4 CMakeFiles/pico_opt4048_test.dir/home/henrik/data/pico/pico-sdk/src/rp2_common/hardware_irq/irq.c.obj
                0x00000000100080f0                __pre_init_runtime_init_per_core_irq_priorities
 *(.preinit_array)
                0x00000000100080f4                PROVIDE (__preinit_array_end = .)
                0x00000000100080f4                . = ALIGN (0x4)
                0x00000000100080f4                PROVIDE (__init_array_start = .)
 *(SORT_BY_NAME(.init_array.*))
 *(.init_array)
 .init_array    0x00000000100080f4        0x4 /usr/lib/gcc/arm-none-eabi/10.3.1/thumb/v6-m/nofp/crtbegin.o
 .init_array    0x00000000100080f8        0x4 CMakeFiles/pico_opt4048_test.dir/home/henrik/data/pico/pico-sdk/src/rp2_common/pico_unique_id/unique_id.c.obj
                0x00000000100080fc                PROVIDE (__init_array_end = .)
                0x00000000100080fc                . = ALIGN (0x4)
                0x00000000100080fc                PROVIDE (__fini_array_start = .)
 *(SORT_BY_NAME(.fini_array.*))
 *(.fini_array)
                0x00000000100080fc                PROVIDE (__fini_array_end = .)
 *(.eh_frame*)
 .eh_frame      0x00000000100080fc        0x0 /usr/lib/gcc/arm-none-eabi/10.3.1/thumb/v6-m/nofp/crtbegin.o
                0x00000000100080fc                . = ALIGN (0x4)

.glue_7         0x00000000100080fc        0x0
 .glue_7        0x00000000100080fc        0x0 linker stubs

.glue_7t        0x00000000100080fc        0x0
 .glue_7t       0x00000000100080fc        0x0 linker stubs

.vfp11_veneer   0x00000000100080fc        0x0
 .vfp11_veneer  0x00000000100080fc        0x0 linker stubs

.v4_bx          0x00000000100080fc        0x0
 .v4_bx         0x00000000100080fc        0x0 linker stubs

.iplt           0x00000000100080fc        0x0
 .iplt          0x00000000100080fc        0x0 /usr/lib/gcc/arm-none-eabi/10.3.1/thumb/v6-m/nofp/crtbegin.o

.rodata         0x0000000010008100     0x14ac
 *(EXCLUDE_FILE(*libm.a: *libc.a:*lib_a-mem*.o *libgcc.a:) .rodata*)
 .rodata.main.str1.4
                0x0000000010008100       0x10 CMakeFiles/pico_opt4048_test.dir/src/main.cpp.obj
 .rodata.panic.str1.4
                0x0000000010008110       0x10 CMakeFiles/pico_opt4048_test.dir/home/henrik/data/pico/pico-sdk/src/rp2_common/pico_platform_panic/panic.c.obj
                                         0x12 (size before relaxing)
 .rodata.spin_lock_claim_unused.str1.4
                0x0000000010008120       0x1b CMakeFiles/pico_opt4048_test.dir/home/henrik/data/pico/pico-sdk/src/rp2_common/hardware_sync/sync.c.obj
 *fill*         0x000000001000813b        0x1 
 .rodata.make_j_16.str1.4
                0x000000001000813c       0x72 CMakeFiles/pico_opt4048_test.dir/home/henrik/data/pico/pico-sdk/src/rp2_common/hardware_irq/irq.c.obj
 *fill*         0x00000000100081ae        0x2 
 .rodata.irq_set_exclusive_handler.str1.4
                0x00000000100081b0       0x36 CMakeFiles/pico_opt4048_test.dir/home/henrik/data/pico/pico-sdk/src/rp2_common/hardware_irq/irq.c.obj
 *fill*         0x00000000100081e6        0x2 
 .rodata.irq_add_shared_handler.str1.4
                0x00000000100081e8       0xe9 CMakeFiles/pico_opt4048_test.dir/home/henrik/data/pico/pico-sdk/src/rp2_common/hardware_irq/irq.c.obj
 *fill*         0x00000000100082d1        0x3 
 .rodata.irq_add_tail_to_free_list.str1.4
                0x00000000100082d4       0x3a CMakeFiles/pico_opt4048_test.dir/home/henrik/data/pico/pico-sdk/src/rp2_common/hardware_irq/irq.c.obj
 *fill*         0x000000001000830e        0x2 
 .rodata.user_irq_claim_unused.str1.4
                0x0000000010008310       0x1b CMakeFiles/pico_opt4048_test.dir/home/henrik/data/pico/pico-sdk/src/rp2_common/hardware_irq/irq.c.obj
 *fill*         0x000000001000832b        0x1 
 .rodata.__func__.0
                0x000000001000832c       0x1a CMakeFiles/pico_opt4048_test.dir/home/henrik/data/pico/pico-sdk/src/rp2_common/hardware_irq/irq.c.obj
 *fill*         0x0000000010008346        0x2 
 .rodata.__func__.3
                0x0000000010008348        0xa CMakeFiles/pico_opt4048_test.dir/home/henrik/data/pico/pico-sdk/src/rp2_common/hardware_irq/irq.c.obj
 *fill*         0x0000000010008352        0x2 
 .rodata.__func__.4
                0x0000000010008354        0xd CMakeFiles/pico_opt4048_test.dir/home/henrik/data/pico/pico-sdk/src/rp2_common/hardware_irq/irq.c.obj
 *fill*         0x0000000010008361        0x3 
 .rodata.__func__.5
                0x0000000010008364       0x17 CMakeFiles/pico_opt4048_test.dir/home/henrik/data/pico/pico-sdk/src/rp2_common/hardware_irq/irq.c.obj
 *fill*         0x000000001000837b        0x1 
 .rodata.__func__.6
                0x000000001000837c       0x1a CMakeFiles/pico_opt4048_test.dir/home/henrik/data/pico/pico-sdk/src/rp2_common/hardware_irq/irq.c.obj
 *fill*         0x0000000010008396        0x2 
 .rodata.runtime_init_mutex.str1.4
                0x0000000010008398       0x5d CMakeFiles/pico_opt4048_test.dir/home/henrik/data/pico/pico-sdk/src/common/pico_sync/mutex.c.obj
 *fill*         0x00000000100083f5        0x3 
 .rodata.str1.4
                0x00000000100083f8       0x51 CMakeFiles/pico_opt4048_test.dir/home/henrik/data/pico/pico-sdk/src/common/pico_sync/mutex.c.obj
 *fill*         0x0000000010008449        0x3 
 .rodata.__func__.1
                0x000000001000844c        0xb CMakeFiles/pico_opt4048_test.dir/home/henrik/data/pico/pico-sdk/src/common/pico_sync/mutex.c.obj
 *fill*         0x0000000010008457        0x1 
 .rodata.__func__.3
                0x0000000010008458       0x18 CMakeFiles/pico_opt4048_test.dir/home/henrik/data/pico/pico-sdk/src/common/pico_sync/mutex.c.obj
 .rodata.__func__.6
                0x0000000010008470       0x13 CMakeFiles/pico_opt4048_test.dir/home/henrik/data/pico/pico-sdk/src/common/pico_sync/mutex.c.obj
 *fill*         0x0000000010008483        0x1 
 .rodata.alarm_pool_irq_handler.str1.4
                0x0000000010008484       0x68 CMakeFiles/pico_opt4048_test.dir/home/henrik/data/pico/pico-sdk/src/common/pico_time/time.c.obj
 .rodata.alarm_pool_get_default.str1.4
                0x00000000100084ec       0x21 CMakeFiles/pico_opt4048_test.dir/home/henrik/data/pico/pico-sdk/src/common/pico_time/time.c.obj
 *fill*         0x000000001000850d        0x3 
 .rodata.sleep_until.str1.4
                0x0000000010008510       0x4d CMakeFiles/pico_opt4048_test.dir/home/henrik/data/pico/pico-sdk/src/common/pico_time/time.c.obj
 *fill*         0x000000001000855d        0x3 
 .rodata.__func__.1
                0x0000000010008560       0x17 CMakeFiles/pico_opt4048_test.dir/home/henrik/data/pico/pico-sdk/src/common/pico_time/time.c.obj
 *fill*         0x0000000010008577        0x1 
 .rodata.__func__.2
                0x0000000010008578       0x17 CMakeFiles/pico_opt4048_test.dir/home/henrik/data/pico/pico-sdk/src/common/pico_time/time.c.obj
 *fill*         0x000000001000858f        0x1 
 .rodata.timer_hardware_alarm_claim.str1.4
                0x0000000010008590       0x22 CMakeFiles/pico_opt4048_test.dir/home/henrik/data/pico/pico-sdk/src/rp2_common/hardware_timer/timer.c.obj
 *fill*         0x00000000100085b2        0x2 
 .rodata.pll_init.str1.4
                0x00000000100085b4      0x118 CMakeFiles/pico_opt4048_test.dir/home/henrik/data/pico/pico-sdk/src/rp2_common/hardware_pll/pll.c.obj
 .rodata.__func__.0
                0x00000000100086cc        0x9 CMakeFiles/pico_opt4048_test.dir/home/henrik/data/pico/pico-sdk/src/rp2_common/hardware_pll/pll.c.obj
 *fill*         0x00000000100086d5        0x3 
 .rodata.__aeabi_double_init.str1.4
                0x00000000100086d8       0x98 CMakeFiles/pico_opt4048_test.dir/home/henrik/data/pico/pico-sdk/src/rp2_common/pico_double/double_init_rom_rp2040.c.obj
 .rodata.__func__.0
                0x0000000010008770       0x14 CMakeFiles/pico_opt4048_test.dir/home/henrik/data/pico/pico-sdk/src/rp2_common/pico_double/double_init_rom_rp2040.c.obj
 .rodata.__aeabi_float_init.str1.4
                0x0000000010008784       0x86 CMakeFiles/pico_opt4048_test.dir/home/henrik/data/pico/pico-sdk/src/rp2_common/pico_float/float_init_rom_rp2040.c.obj
                                         0x8a (size before relaxing)
 *fill*         0x000000001000880a        0x2 
 .rodata.__func__.0
                0x000000001000880c       0x13 CMakeFiles/pico_opt4048_test.dir/home/henrik/data/pico/pico-sdk/src/rp2_common/pico_float/float_init_rom_rp2040.c.obj
 *fill*         0x000000001000881f        0x1 
 .rodata.str1.4
                0x0000000010008820       0x38 CMakeFiles/pico_opt4048_test.dir/home/henrik/data/pico/pico-sdk/src/rp2_common/pico_standard_binary_info/standard_binary_info.c.obj
 .rodata.__bi_26
                0x0000000010008858        0xc CMakeFiles/pico_opt4048_test.dir/home/henrik/data/pico/pico-sdk/src/rp2_common/pico_standard_binary_info/standard_binary_info.c.obj
 .rodata.__bi_34
                0x0000000010008864        0xc CMakeFiles/pico_opt4048_test.dir/home/henrik/data/pico/pico-sdk/src/rp2_common/pico_standard_binary_info/standard_binary_info.c.obj
 .rodata.__bi_42
                0x0000000010008870        0xc CMakeFiles/pico_opt4048_test.dir/home/henrik/data/pico/pico-sdk/src/rp2_common/pico_standard_binary_info/standard_binary_info.c.obj
 .rodata.__bi_48
                0x000000001000887c        0xc CMakeFiles/pico_opt4048_test.dir/home/henrik/data/pico/pico-sdk/src/rp2_common/pico_standard_binary_info/standard_binary_info.c.obj
 .rodata.__bi_54
                0x0000000010008888        0xc CMakeFiles/pico_opt4048_test.dir/home/henrik/data/pico/pico-sdk/src/rp2_common/pico_standard_binary_info/standard_binary_info.c.obj
 .rodata.__bi_84
                0x0000000010008894        0xc CMakeFiles/pico_opt4048_test.dir/home/henrik/data/pico/pico-sdk/src/rp2_common/pico_standard_binary_info/standard_binary_info.c.obj
 .rodata._ftoa.str1.4
                0x00000000100088a0       0x15 CMakeFiles/pico_opt4048_test.dir/home/henrik/data/pico/pico-sdk/src/rp2_common/pico_printf/printf.c.obj
 *fill*         0x00000000100088b5        0x3 
 .rodata._vsnprintf
                0x00000000100088b8      0x1e0 CMakeFiles/pico_opt4048_test.dir/home/henrik/data/pico/pico-sdk/src/rp2_common/pico_printf/printf.c.obj
 .rodata.pow10.0
                0x0000000010008a98       0x50 CMakeFiles/pico_opt4048_test.dir/home/henrik/data/pico/pico-sdk/src/rp2_common/pico_printf/printf.c.obj
 .rodata.__assert_func.str1.4
                0x0000000010008ae8       0x3f CMakeFiles/pico_opt4048_test.dir/home/henrik/data/pico/pico-sdk/src/rp2_common/pico_clib_interface/newlib_interface.c.obj
                                         0x43 (size before relaxing)
 *fill*         0x0000000010008b27        0x1 
 .rodata.crlf_str.0
                0x0000000010008b28        0x2 CMakeFiles/pico_opt4048_test.dir/home/henrik/data/pico/pico-sdk/src/rp2_common/pico_stdio/stdio.c.obj
 *fill*         0x0000000010008b2a        0x2 
 .rodata._resetd_driver
                0x0000000010008b2c       0x18 CMakeFiles/pico_opt4048_test.dir/home/henrik/data/pico/pico-sdk/src/rp2_common/pico_stdio_usb/reset_interface.c.obj
 .rodata.desc_bos
                0x0000000010008b44       0x21 CMakeFiles/pico_opt4048_test.dir/home/henrik/data/pico/pico-sdk/src/rp2_common/pico_stdio_usb/reset_interface.c.obj
                0x0000000010008b44                desc_bos
 *fill*         0x0000000010008b65        0x3 
 .rodata.desc_ms_os_20
                0x0000000010008b68       0xa6 CMakeFiles/pico_opt4048_test.dir/home/henrik/data/pico/pico-sdk/src/rp2_common/pico_stdio_usb/reset_interface.c.obj
 *fill*         0x0000000010008c0e        0x2 
 .rodata.stdio_usb_init.str1.4
                0x0000000010008c10       0x52 CMakeFiles/pico_opt4048_test.dir/home/henrik/data/pico/pico-sdk/src/rp2_common/pico_stdio_usb/stdio_usb.c.obj
 *fill*         0x0000000010008c62        0x2 
 .rodata.str1.4
                0x0000000010008c64       0x13 CMakeFiles/pico_opt4048_test.dir/home/henrik/data/pico/pico-sdk/src/rp2_common/pico_stdio_usb/stdio_usb.c.obj
 *fill*         0x0000000010008c77        0x1 
 .rodata.__bi_197.1
                0x0000000010008c78        0xc CMakeFiles/pico_opt4048_test.dir/home/henrik/data/pico/pico-sdk/src/rp2_common/pico_stdio_usb/stdio_usb.c.obj
 .rodata.__func__.2
                0x0000000010008c84        0xf CMakeFiles/pico_opt4048_test.dir/home/henrik/data/pico/pico-sdk/src/rp2_common/pico_stdio_usb/stdio_usb.c.obj
 *fill*         0x0000000010008c93        0x1 
 .rodata.str1.4
                0x0000000010008c94       0x2a CMakeFiles/pico_opt4048_test.dir/home/henrik/data/pico/pico-sdk/src/rp2_common/pico_stdio_usb/stdio_usb_descriptors.c.obj
 *fill*         0x0000000010008cbe        0x2 
 .rodata.usbd_desc_cfg
                0x0000000010008cc0       0x54 CMakeFiles/pico_opt4048_test.dir/home/henrik/data/pico/pico-sdk/src/rp2_common/pico_stdio_usb/stdio_usb_descriptors.c.obj
 .rodata.usbd_desc_device
                0x0000000010008d14       0x12 CMakeFiles/pico_opt4048_test.dir/home/henrik/data/pico/pico-sdk/src/rp2_common/pico_stdio_usb/stdio_usb_descriptors.c.obj
 *fill*         0x0000000010008d26        0x2 
 .rodata.usbd_desc_str
                0x0000000010008d28       0x18 CMakeFiles/pico_opt4048_test.dir/home/henrik/data/pico/pico-sdk/src/rp2_common/pico_stdio_usb/stdio_usb_descriptors.c.obj
 .rodata.pico_get_unique_board_id_string.str1.4
                0x0000000010008d40       0x52 CMakeFiles/pico_opt4048_test.dir/home/henrik/data/pico/pico-sdk/src/rp2_common/pico_unique_id/unique_id.c.obj
 *fill*         0x0000000010008d92        0x2 
 .rodata.__func__.0
                0x0000000010008d94       0x20 CMakeFiles/pico_opt4048_test.dir/home/henrik/data/pico/pico-sdk/src/rp2_common/pico_unique_id/unique_id.c.obj
 .rodata.str1.4
                0x0000000010008db4      0x195 CMakeFiles/pico_opt4048_test.dir/home/henrik/data/pico/pico-sdk/src/rp2_common/hardware_flash/flash.c.obj
 *fill*         0x0000000010008f49        0x3 
 .rodata.__func__.0
                0x0000000010008f4c        0xd CMakeFiles/pico_opt4048_test.dir/home/henrik/data/pico/pico-sdk/src/rp2_common/hardware_flash/flash.c.obj
 *fill*         0x0000000010008f59        0x3 
 .rodata._hw_endpoint_alloc.str1.4
                0x0000000010008f5c       0xbd CMakeFiles/pico_opt4048_test.dir/home/henrik/data/pico/pico-sdk/lib/tinyusb/src/portable/raspberrypi/rp2040/dcd_rp2040.c.obj
 *fill*         0x0000000010009019        0x3 
 .rodata.str1.4
                0x000000001000901c       0x14 CMakeFiles/pico_opt4048_test.dir/home/henrik/data/pico/pico-sdk/lib/tinyusb/src/portable/raspberrypi/rp2040/dcd_rp2040.c.obj
 .rodata.dcd_int_enable.str1.4
                0x0000000010009030        0xc CMakeFiles/pico_opt4048_test.dir/home/henrik/data/pico/pico-sdk/lib/tinyusb/src/portable/raspberrypi/rp2040/dcd_rp2040.c.obj
 .rodata.__func__.0
                0x000000001000903c        0xe CMakeFiles/pico_opt4048_test.dir/home/henrik/data/pico/pico-sdk/lib/tinyusb/src/portable/raspberrypi/rp2040/dcd_rp2040.c.obj
 *fill*         0x000000001000904a        0x2 
 .rodata.__func__.1
                0x000000001000904c        0xe CMakeFiles/pico_opt4048_test.dir/home/henrik/data/pico/pico-sdk/lib/tinyusb/src/portable/raspberrypi/rp2040/dcd_rp2040.c.obj
 *fill*         0x000000001000905a        0x2 
 .rodata.__func__.3
                0x000000001000905c       0x10 CMakeFiles/pico_opt4048_test.dir/home/henrik/data/pico/pico-sdk/lib/tinyusb/src/portable/raspberrypi/rp2040/dcd_rp2040.c.obj
 .rodata.__func__.5
                0x000000001000906c        0xf CMakeFiles/pico_opt4048_test.dir/home/henrik/data/pico/pico-sdk/lib/tinyusb/src/portable/raspberrypi/rp2040/dcd_rp2040.c.obj
 *fill*         0x000000001000907b        0x1 
 .rodata.__func__.6
                0x000000001000907c       0x13 CMakeFiles/pico_opt4048_test.dir/home/henrik/data/pico/pico-sdk/lib/tinyusb/src/portable/raspberrypi/rp2040/dcd_rp2040.c.obj
 *fill*         0x000000001000908f        0x1 
 .rodata.__func__.7
                0x0000000010009090        0x9 CMakeFiles/pico_opt4048_test.dir/home/henrik/data/pico/pico-sdk/lib/tinyusb/src/portable/raspberrypi/rp2040/dcd_rp2040.c.obj
 *fill*         0x0000000010009099        0x3 
 .rodata.str1.4
                0x000000001000909c       0xef CMakeFiles/pico_opt4048_test.dir/home/henrik/data/pico/pico-sdk/lib/tinyusb/src/portable/raspberrypi/rp2040/rp2040_usb.c.obj
 *fill*         0x000000001000918b        0x1 
 .rodata.__func__.0
                0x000000001000918c        0xf CMakeFiles/pico_opt4048_test.dir/home/henrik/data/pico/pico-sdk/lib/tinyusb/src/portable/raspberrypi/rp2040/rp2040_usb.c.obj
 *fill*         0x000000001000919b        0x1 
 .rodata.process_get_descriptor
                0x000000001000919c       0x40 CMakeFiles/pico_opt4048_test.dir/home/henrik/data/pico/pico-sdk/lib/tinyusb/src/device/usbd.c.obj
 .rodata.process_control_request
                0x00000000100091dc       0x28 CMakeFiles/pico_opt4048_test.dir/home/henrik/data/pico/pico-sdk/lib/tinyusb/src/device/usbd.c.obj
 .rodata.tud_task_ext
                0x0000000010009204       0x24 CMakeFiles/pico_opt4048_test.dir/home/henrik/data/pico/pico-sdk/lib/tinyusb/src/device/usbd.c.obj
 .rodata._usbd_driver